Customizing shell for Lassen.

The following have been reloaded with a version change:
  1) base-gcc/8.3.1 => base-gcc/11.2.1


Lmod is automatically replacing "clang/ibm-16.0.6-cuda-11.2.0-gcc-8.3.1" with
"gcc/10.2.1".


Due to MODULEPATH changes, the following have been reloaded:
  1) spectrum-mpi/rolling-release

Activating 'timing.main' environment for '/p/gpfs1/mtcampbe/CEESD/AutomatedTesting/MIRGE-Timing/timing/emirge/miniforge3/bin/conda'.
/p/gpfs1/mtcampbe/CEESD/AutomatedTesting/MIRGE-Timing/timing/y3-prediction-scaling-run/scalability_test
/p/gpfs1/mtcampbe/CEESD/AutomatedTesting/MIRGE-Timing/timing/y3-prediction-scaling-run/scalability_test
Driver directory: /p/gpfs1/mtcampbe/CEESD/AutomatedTesting/MIRGE-Timing/timing/y3-prediction-scaling-run
Fri Apr 11 23:25:31 PDT 2025
Running parallel timing tests...
* Running prediction-scalability test in scalability_test.
** Running prediction-scalability_np1 on 1 ranks.
++ runoptions='-n 1'
++ [[ ! -z '' ]]
++ jsrun -g 1 -a 1 -n 1 bash /p/gpfs1/mtcampbe/CEESD/AutomatedTesting/MIRGE-Timing/timing/y3-prediction-scaling-run/emirge/mirgecom/scripts/lassen-parallel-spawner.sh python -u -O -m mpi4py driver.py -c prediction-scalability_np1 -g /p/gpfs1/mtcampbe/CEESD/AutomatedTesting/MIRGE-Timing/timing/y3-prediction-scaling-run/scalability_test/log_data -i run_params_np1.yaml --log --lazy
Custom casename 'prediction-scalability_np1'
Using user input from file: run_params_np1.yaml
Running driver.py

2025-04-11 23:25:37,163 - INFO - grudge.array_context - get_reasonable_array_context_class: MPIFusionContractorArrayContext lazy=True distributed=True device-parallel=True
2025-04-11 23:25:37,397 - WARNING - py.warnings - /p/gpfs1/mtcampbe/CEESD/AutomatedTesting/MIRGE-Timing/timing/y3-prediction-scaling-run/y3prediction/wall.py:37: UserWarning: <class 'y3prediction.wall.WallVars'> does not have __array_ufunc__ set. This will cause numpy to attempt broadcasting, in a way that is likely undesired. To avoid this, set __array_ufunc__ = None in <class 'y3prediction.wall.WallVars'>.
  @with_container_arithmetic(bcast_obj_array=False,

2025-04-11 23:25:37,414 - WARNING - py.warnings - /p/gpfs1/mtcampbe/CEESD/AutomatedTesting/MIRGE-Timing/timing/y3-prediction-scaling-run/y3prediction/prediction.py:154: UserWarning: <class 'y3prediction.prediction.StepperState'> does not have __array_ufunc__ set. This will cause numpy to attempt broadcasting, in a way that is likely undesired. To avoid this, set __array_ufunc__ = None in <class 'y3prediction.prediction.StepperState'>.
  @with_container_arithmetic(bcast_obj_array=False,

2025-04-11 23:25:37,427 - WARNING - py.warnings - /p/gpfs1/mtcampbe/CEESD/AutomatedTesting/MIRGE-Timing/timing/y3-prediction-scaling-run/y3prediction/prediction.py:183: UserWarning: <class 'y3prediction.prediction.WallStepperState'> does not have __array_ufunc__ set. This will cause numpy to attempt broadcasting, in a way that is likely undesired. To avoid this, set __array_ufunc__ = None in <class 'y3prediction.prediction.WallStepperState'>.
  @with_container_arithmetic(bcast_obj_array=False,

2025-04-11 23:25:38,001 - INFO - mirgecom.mpi - Using mpi4py version 4.0.3 with pkl5 scatter support.
2025-04-11 23:25:38,002 - INFO - mirgecom.mpi - mpi4py is using 'Open MPI v10.3.1.03rtm0, package: IBM Spectrum MPI, ident: IBM Spectrum MPI, repo rev: IBM_SPECTRUM_MPI_10.03.01.02_2020.08.03_XAA0, Unreleased developer copy' with MPI v3.1.
2025-04-11 23:26:01,522 - INFO - mirgecom.logging_quantities - emirge's version.sh: completed (23.32s wall 0.00x CPU)
2025-04-11 23:26:02,017 - INFO - mirgecom.simutil - Using SVM-based memory pool on <pyopencl.Device 'Tesla V100-SXM2-16GB' on 'Portable Computing Language' at 0x1034b86d0>.
2025-04-11 23:26:02,036 - INFO - mirgecom.array_context - Rank 0 disk cache config: loopy: True (/p/gpfs1/mtcampbe/CEESD/AutomatedTesting/MIRGE-Timing/timing/timing-run-caches/xdg-cache/rank0); pyopencl: True (/p/gpfs1/mtcampbe/CEESD/AutomatedTesting/MIRGE-Timing/timing/timing-run-caches/xdg-cache/rank0); pocl: True (/p/gpfs1/mtcampbe/CEESD/AutomatedTesting/MIRGE-Timing/timing/timing-run-caches/xdg-cache/rank0); cuda: True (/p/gpfs1/mtcampbe/CEESD/AutomatedTesting/MIRGE-Timing/timing/timing-run-caches/cuda-cache/rank0);

Setting force_eval = False for pre-compiled time integration
Shock capturing parameters: alpha 0.01, s0 -6.408239965311849, kappa 0.5
Smoothing characteristic length for use in artificial viscosity
smoothing_alpha 1e-12
Artificial viscosity smoothness_alpha=1e-12
Artificial viscosity smoothness_tau=1e-12
Artificial viscosity using modified transport properties
	 mu, beta, kappa
Shock capturing parameters:
	av_mu 0.1
	av_beta 6.0
	av_kappa 1.0
	av_prantdl 0.9
stagnation temperature 2076.43

#### Simluation control data: ####
	nrestart = 1000
	nhealth = -1
	nstatus = -1
	Constant dt mode, current_dt = 1e-13
	t_final = 2e-11
	order = 4
	dimension = 3
	Time integration compiled_lsrk54
   Boundary Conditions:
	Checking for outflow boundary in mesh.
	Checking for inflow boundary in mesh.
	Checking for flow boundary in mesh.
	Checking for injection boundary in mesh.
	Checking for upstream_injection boundary in mesh.
	Checking for isothermal_wall boundary in mesh.
	Checking for wall boundary in mesh.
	Checking for slip_wall boundary in mesh.
	Checking for noslip_wall boundary in mesh.
	Checking for symmetry boundary in mesh.
	Checking for wall_interface boundary in mesh.

	Interface wall boundary conditions are noslip for velocity
#### Simluation control data: ####


#### Visualization setup: ####
	Basic visualization output enabled.
	(cv, dv, cfl)
	Extra visualization output enabled for derived quantities.
	(velocity, mass_fractions, etc.)
	Writing viz data every 1000 steps.
#### Visualization setup: ####

#### Simluation initialization data: ####
	Initializing flow to y3prediction
	Inflow stagnation pressure 274500.0
	Inflow stagnation temperature 2076.43
	Injection stagnation pressure 50400.0
	Injection stagnation temperature 300.0
	Upstream injection stagnation pressure50400.0
	Upstream injection stagnation temperature300.0
#### Simluation initialization data: ####

#### Simluation setup data: ####
	vel_sigma = 500
	temp_sigma = 1250
	vel_sigma_injection = 5000
	temp_sigma_injection = 5000
#### Simluation setup data: ####

#### Ignition control parameters ####
spark center (0.677,-0.021)
spark FWHM 0.02
spark strength 600.0
ignition time 5e-08
ignition duration 1e-08
heat source ignition
#### Ignition control parameters ####


#### Injection source control parameters ####
injection source center (0.677,-0.021,0.0)
injection source FWHM 0.0025
injection source mass 2.0
injection source energy 1000.0
injection source mom (3.0 3.0 0.0
injection source start time 999999999.0
#### Injection source control parameters ####


Setting inviscid numerical flux to: Rusanov
Setting viscous numerical flux to: Harmonic


#### Simluation material properties: ####
#### Fluid domain: ####
	mu = 4.216360056e-05
	kappa = 0.05621788139856423
	Prandtl Number  = 0.75
	nspecies = 7
	full multi-species initialization with pyrometheus eos
	combustion source terms enabled
	Pyrometheus EOS
	Pyro mechanism uiuc_sharp

Species mass fractions limited to [0:1]
#### Wall domain: ####
	Reactive wall model for porous media
	Wall oxidizer transport enabled
	 Wall mass loss enabled
	Wall density = 1625
	Wall cp = 770
	Wall O2 diff = 0.0001
	Wall surround density = 7900.0
	Wall surround cp = 470
	Wall surround kappa = 48
	Wall time scale = 100
	Wall penalty = 0
#### Simluation material properties: ####
species_names=['C2H4', 'O2', 'CO2', 'CO', 'H2O', 'H2', 'N2']
{'C2H4': 0.0001, 'O2': 0.0001, 'CO2': 0.0001, 'CO': 0.0001, 'H2O': 0.0001, 'H2': 0.0001, 'N2': 0.0001}
	 Power law transport model:
		 temperature dependent viscosity, species diffusivity
	transport_alpha = 0.6
	transport_beta = 4.093e-07
	transport_sigma = 2.0
	transport_n = 0.666
	species diffusivity = [0.0001 0.0001 0.0001 0.0001 0.0001 0.0001 0.0001]
#### Simluation initialization data: ####
	inlet Mach number 0.039188827430281535
	inlet gamma 1.2942272392672118
	inlet temperature 2075.9609743385954
	inlet pressure 274227.36437127565
	inlet rho 0.4607349972974453
	inlet velocity 34.39515974209585
	********
	outlet Mach number 3.793040446574542
	outlet gamma 1.3777480529683475
	outlet temperature 558.5757736845096
	outlet pressure 2284.257055974718
	outlet rho 0.014263380803459059
	outlet velocity 1796.0265011633348
	********
	injector Mach number 1.0
	injector gamma 1.3246735835852341
	injector temperature 258.1007615257789
	injector pressure 27281.922529269654
	injector rho 0.1911428114322463
	injector velocity -434.8234312418551
Reading mesh from data/actii_np1.msh
Read(rank, batch): Dist(0, 0) on lassen204.
Reading mesh on lassen204.
Reading gmsh mesh from disk file...
Done. Populating meshmode data structures...
Done.
Read GMSH: 0.5236294269561768
MeshData: 0.7805845737457275
Mesh reading done on all nodes.
Making partition table on all nodes.
2025-04-11 23:26:03,511 - WARNING - py.warnings - /p/gpfs1/mtcampbe/CEESD/AutomatedTesting/MIRGE-Timing/timing/emirge/mirgecom/mirgecom/simutil.py:601: UserWarning: num_ranks is deprecated, use nranks_per_axis instead.
  warn("num_ranks is deprecated, use nranks_per_axis instead.")

Partitioning mesh on all nodes.
Partitioning done, distributing to node-local ranks.
Rank(0) mesh partition
---------------------------
Number of fluid elements: 20425
Number of wall elements: 3611
Number of elements: 24036
---------------------------
No target file specied, using restart as target
Making 3D order 4 discretization.
2025-04-11 23:26:12,291 - INFO - meshmode.discretization.connection.face - building face restriction: start
2025-04-11 23:26:13,569 - INFO - meshmode.discretization.connection.face - building face restriction: done
2025-04-11 23:26:13,569 - INFO - meshmode.discretization.connection.face - building face restriction: start
2025-04-11 23:26:13,595 - INFO - meshmode.discretization.connection.face - building face restriction: done
2025-04-11 23:26:13,605 - WARNING - py.warnings - /p/gpfs1/mtcampbe/CEESD/AutomatedTesting/MIRGE-Timing/timing/emirge/arraycontext/arraycontext/impl/pytato/__init__.py:415: UserWarning: Running on an Nvidia GPU, reducing the argument size limit from 4352 to 3896.
  warn("Running on an Nvidia GPU, reducing the argument "

2025-04-11 23:26:13,605 - INFO - arraycontext.impl.pytato - limiting argument buffer size for <pyopencl.Device 'Tesla V100-SXM2-16GB' on 'Portable Computing Language' at 0x1034b86d0> to 3896 bytes
2025-04-11 23:26:13,846 - INFO - meshmode.array_context - FusionContractorArrayContext.transform_loopy_program 'frozen_nodes0_3d': cache hit
2025-04-11 23:26:14,679 - INFO - pyopencl - build program: kernel 'frozen_nodes0_3d' was part of a lengthy uncached source build (assuming cached by ICD) (0.32 s)
2025-04-11 23:26:14,977 - INFO - meshmode.array_context - FusionContractorArrayContext.transform_loopy_program 'frozen_nodes1_3d': cache hit
2025-04-11 23:26:15,244 - INFO - pyopencl - build program: kernel 'frozen_nodes1_3d' was part of a lengthy uncached source build (assuming cached by ICD) (0.25 s)
2025-04-11 23:26:15,278 - INFO - meshmode.array_context - FusionContractorArrayContext.transform_loopy_program 'frozen_nodes2_3d': cache hit
2025-04-11 23:26:15,524 - INFO - pyopencl - build program: kernel 'frozen_nodes2_3d' was part of a lengthy uncached source build (assuming cached by ICD) (0.21 s)
2025-04-11 23:26:15,533 - INFO - arraycontext.impl.pytato - limiting argument buffer size for <pyopencl.Device 'Tesla V100-SXM2-16GB' on 'Portable Computing Language' at 0x1034b86d0> to 3896 bytes
2025-04-11 23:26:15,547 - INFO - meshmode.array_context - FusionContractorArrayContext.transform_loopy_program 'frozen_nodes0_3d': cache hit
2025-04-11 23:26:15,698 - INFO - meshmode.array_context - FusionContractorArrayContext.transform_loopy_program 'frozen_nodes1_3d': cache hit
2025-04-11 23:26:15,881 - INFO - meshmode.array_context - FusionContractorArrayContext.transform_loopy_program 'frozen_nodes2_3d': cache hit
Traceback (most recent call last):
  File "<frozen runpy>", line 198, in _run_module_as_main
  File "<frozen runpy>", line 88, in _run_code
  File "/p/gpfs1/mtcampbe/CEESD/AutomatedTesting/MIRGE-Timing/timing/emirge/miniforge3/envs/timing.main/lib/python3.12/site-packages/mpi4py/__main__.py", line 7, in <module>
    main()
  File "/p/gpfs1/mtcampbe/CEESD/AutomatedTesting/MIRGE-Timing/timing/emirge/miniforge3/envs/timing.main/lib/python3.12/site-packages/mpi4py/run.py", line 214, in main
    run_command_line(args)
  File "/p/gpfs1/mtcampbe/CEESD/AutomatedTesting/MIRGE-Timing/timing/emirge/miniforge3/envs/timing.main/lib/python3.12/site-packages/mpi4py/run.py", line 46, in run_command_line
    run_path(sys.argv[0], run_name='__main__')
  File "<frozen runpy>", line 287, in run_path
  File "<frozen runpy>", line 98, in _run_module_code
  File "<frozen runpy>", line 88, in _run_code
  File "driver.py", line 83, in <module>
    main(actx_class, restart_filename=restart_filename,
  File "/p/gpfs1/mtcampbe/CEESD/AutomatedTesting/MIRGE-Timing/timing/emirge/mirgecom/mirgecom/mpi.py", line 152, in wrapped_func
    func(*args, **kwargs)
  File "/p/gpfs1/mtcampbe/CEESD/AutomatedTesting/MIRGE-Timing/timing/y3-prediction-scaling-run/y3prediction/prediction.py", line 3975, in main
    dcoll = create_discretization_collection(
            ^^^^^^^^^^^^^^^^^^^^^^^^^^^^^^^^^
  File "/p/gpfs1/mtcampbe/CEESD/AutomatedTesting/MIRGE-Timing/timing/emirge/mirgecom/mirgecom/discretization.py", line 76, in create_discretization_collection
    return make_discretization_collection(
           ^^^^^^^^^^^^^^^^^^^^^^^^^^^^^^^
  File "/p/gpfs1/mtcampbe/CEESD/AutomatedTesting/MIRGE-Timing/timing/emirge/grudge/grudge/discretization.py", line 1091, in make_discretization_collection
    inter_part_connections=_set_up_inter_part_connections(
                           ^^^^^^^^^^^^^^^^^^^^^^^^^^^^^^^
  File "/p/gpfs1/mtcampbe/CEESD/AutomatedTesting/MIRGE-Timing/timing/emirge/grudge/grudge/discretization.py", line 946, in _set_up_inter_part_connections
    make_partition_connection(
  File "/p/gpfs1/mtcampbe/CEESD/AutomatedTesting/MIRGE-Timing/timing/emirge/meshmode/meshmode/discretization/connection/opposite_face.py", line 620, in make_partition_connection
    grp_batches = _make_cross_face_batches(actx,
                  ^^^^^^^^^^^^^^^^^^^^^^^^^^^^^^
  File "/p/gpfs1/mtcampbe/CEESD/AutomatedTesting/MIRGE-Timing/timing/emirge/meshmode/meshmode/discretization/connection/opposite_face.py", line 87, in _make_cross_face_batches
    src_unit_nodes = _find_src_unit_nodes_via_gauss_newton(
                     ^^^^^^^^^^^^^^^^^^^^^^^^^^^^^^^^^^^^^^
  File "/p/gpfs1/mtcampbe/CEESD/AutomatedTesting/MIRGE-Timing/timing/emirge/meshmode/meshmode/discretization/connection/opposite_face.py", line 306, in _find_src_unit_nodes_via_gauss_newton
    raise RuntimeError("Gauss-Newton (for finding opposite-face reference "
RuntimeError: Gauss-Newton (for finding opposite-face reference coordinates) did not converge (residual: 6.84283e-08)
--------------------------------------------------------------------------
MPI_ABORT was invoked on rank 0 in communicator MPI_COMM_WORLD
with errorcode 1.

NOTE: invoking MPI_ABORT causes Open MPI to kill all MPI processes.
You may or may not see output from other processes, depending on
exactly when Open MPI kills them.
--------------------------------------------------------------------------
++ return_code=1
++ set +x
mv: cannot stat ‘viz_data’: No such file or directory
mv: cannot stat ‘restart_data’: No such file or directory
**  scalability_test/prediction-scalability_np1 failed.
** Running prediction-scalability_np2 on 2 ranks.
++ runoptions='-n 2'
++ [[ ! -z '' ]]
++ jsrun -g 1 -a 1 -n 2 bash /p/gpfs1/mtcampbe/CEESD/AutomatedTesting/MIRGE-Timing/timing/y3-prediction-scaling-run/emirge/mirgecom/scripts/lassen-parallel-spawner.sh python -u -O -m mpi4py driver.py -c prediction-scalability_np2 -g /p/gpfs1/mtcampbe/CEESD/AutomatedTesting/MIRGE-Timing/timing/y3-prediction-scaling-run/scalability_test/log_data -i run_params_np2.yaml --log --lazy
Custom casename 'prediction-scalability_np2'
Custom casename 'prediction-scalability_np2'
2025-04-11 23:26:18,283 - INFO - grudge.array_context - get_reasonable_array_context_class: MPIFusionContractorArrayContext lazy=True distributed=True device-parallel=True
Using user input from file: run_params_np2.yaml
Running driver.py

Using user input from file: run_params_np2.yaml
Running driver.py

2025-04-11 23:26:18,303 - INFO - grudge.array_context - get_reasonable_array_context_class: MPIFusionContractorArrayContext lazy=True distributed=True device-parallel=True
2025-04-11 23:26:18,345 - WARNING - py.warnings - /p/gpfs1/mtcampbe/CEESD/AutomatedTesting/MIRGE-Timing/timing/y3-prediction-scaling-run/y3prediction/wall.py:37: UserWarning: <class 'y3prediction.wall.WallVars'> does not have __array_ufunc__ set. This will cause numpy to attempt broadcasting, in a way that is likely undesired. To avoid this, set __array_ufunc__ = None in <class 'y3prediction.wall.WallVars'>.
  @with_container_arithmetic(bcast_obj_array=False,

2025-04-11 23:26:18,361 - WARNING - py.warnings - /p/gpfs1/mtcampbe/CEESD/AutomatedTesting/MIRGE-Timing/timing/y3-prediction-scaling-run/y3prediction/prediction.py:154: UserWarning: <class 'y3prediction.prediction.StepperState'> does not have __array_ufunc__ set. This will cause numpy to attempt broadcasting, in a way that is likely undesired. To avoid this, set __array_ufunc__ = None in <class 'y3prediction.prediction.StepperState'>.
  @with_container_arithmetic(bcast_obj_array=False,

2025-04-11 23:26:18,364 - WARNING - py.warnings - /p/gpfs1/mtcampbe/CEESD/AutomatedTesting/MIRGE-Timing/timing/y3-prediction-scaling-run/y3prediction/wall.py:37: UserWarning: <class 'y3prediction.wall.WallVars'> does not have __array_ufunc__ set. This will cause numpy to attempt broadcasting, in a way that is likely undesired. To avoid this, set __array_ufunc__ = None in <class 'y3prediction.wall.WallVars'>.
  @with_container_arithmetic(bcast_obj_array=False,

2025-04-11 23:26:18,374 - WARNING - py.warnings - /p/gpfs1/mtcampbe/CEESD/AutomatedTesting/MIRGE-Timing/timing/y3-prediction-scaling-run/y3prediction/prediction.py:183: UserWarning: <class 'y3prediction.prediction.WallStepperState'> does not have __array_ufunc__ set. This will cause numpy to attempt broadcasting, in a way that is likely undesired. To avoid this, set __array_ufunc__ = None in <class 'y3prediction.prediction.WallStepperState'>.
  @with_container_arithmetic(bcast_obj_array=False,

2025-04-11 23:26:18,380 - WARNING - py.warnings - /p/gpfs1/mtcampbe/CEESD/AutomatedTesting/MIRGE-Timing/timing/y3-prediction-scaling-run/y3prediction/prediction.py:154: UserWarning: <class 'y3prediction.prediction.StepperState'> does not have __array_ufunc__ set. This will cause numpy to attempt broadcasting, in a way that is likely undesired. To avoid this, set __array_ufunc__ = None in <class 'y3prediction.prediction.StepperState'>.
  @with_container_arithmetic(bcast_obj_array=False,

2025-04-11 23:26:18,394 - WARNING - py.warnings - /p/gpfs1/mtcampbe/CEESD/AutomatedTesting/MIRGE-Timing/timing/y3-prediction-scaling-run/y3prediction/prediction.py:183: UserWarning: <class 'y3prediction.prediction.WallStepperState'> does not have __array_ufunc__ set. This will cause numpy to attempt broadcasting, in a way that is likely undesired. To avoid this, set __array_ufunc__ = None in <class 'y3prediction.prediction.WallStepperState'>.
  @with_container_arithmetic(bcast_obj_array=False,

2025-04-11 23:26:18,567 - INFO - mirgecom.mpi - Using mpi4py version 4.0.3 with pkl5 scatter support.
2025-04-11 23:26:18,567 - INFO - mirgecom.mpi - mpi4py is using 'Open MPI v10.3.1.03rtm0, package: IBM Spectrum MPI, ident: IBM Spectrum MPI, repo rev: IBM_SPECTRUM_MPI_10.03.01.02_2020.08.03_XAA0, Unreleased developer copy' with MPI v3.1.
2025-04-11 23:26:41,738 - INFO - mirgecom.logging_quantities - emirge's version.sh: completed (22.99s wall 0.00x CPU)
2025-04-11 23:26:41,774 - INFO - mirgecom.logging_quantities - emirge's version.sh: completed (23.02s wall 0.00x CPU)
2025-04-11 23:26:42,627 - INFO - mirgecom.simutil - Using SVM-based memory pool on <pyopencl.Device 'Tesla V100-SXM2-16GB' on 'Portable Computing Language' at 0x103476f40>.
2025-04-11 23:26:42,660 - INFO - mirgecom.simutil - Using SVM-based memory pool on <pyopencl.Device 'Tesla V100-SXM2-16GB' on 'Portable Computing Language' at 0x103436ba0>.
2025-04-11 23:26:42,702 - INFO - mirgecom.array_context - Rank 1 disk cache config: loopy: True (/p/gpfs1/mtcampbe/CEESD/AutomatedTesting/MIRGE-Timing/timing/timing-run-caches/xdg-cache/rank1); pyopencl: True (/p/gpfs1/mtcampbe/CEESD/AutomatedTesting/MIRGE-Timing/timing/timing-run-caches/xdg-cache/rank1); pocl: True (/p/gpfs1/mtcampbe/CEESD/AutomatedTesting/MIRGE-Timing/timing/timing-run-caches/xdg-cache/rank1); cuda: True (/p/gpfs1/mtcampbe/CEESD/AutomatedTesting/MIRGE-Timing/timing/timing-run-caches/cuda-cache/rank1);

2025-04-11 23:26:42,702 - INFO - mirgecom.array_context - Rank 0 disk cache config: loopy: True (/p/gpfs1/mtcampbe/CEESD/AutomatedTesting/MIRGE-Timing/timing/timing-run-caches/xdg-cache/rank0); pyopencl: True (/p/gpfs1/mtcampbe/CEESD/AutomatedTesting/MIRGE-Timing/timing/timing-run-caches/xdg-cache/rank0); pocl: True (/p/gpfs1/mtcampbe/CEESD/AutomatedTesting/MIRGE-Timing/timing/timing-run-caches/xdg-cache/rank0); cuda: True (/p/gpfs1/mtcampbe/CEESD/AutomatedTesting/MIRGE-Timing/timing/timing-run-caches/cuda-cache/rank0);

Setting force_eval = False for pre-compiled time integration
Shock capturing parameters: alpha 0.01, s0 -6.408239965311849, kappa 0.5
Smoothing characteristic length for use in artificial viscosity
smoothing_alpha 1e-12
Artificial viscosity smoothness_alpha=1e-12
Artificial viscosity smoothness_tau=1e-12
Artificial viscosity using modified transport properties
	 mu, beta, kappa
Shock capturing parameters:
	av_mu 0.1
	av_beta 6.0
	av_kappa 1.0
	av_prantdl 0.9
stagnation temperature 2076.43

#### Simluation control data: ####
	nrestart = 1000
	nhealth = -1
	nstatus = -1
	Constant dt mode, current_dt = 1e-13
	t_final = 2e-11
	order = 4
	dimension = 3
	Time integration compiled_lsrk54
   Boundary Conditions:
	Checking for outflow boundary in mesh.
	Checking for inflow boundary in mesh.
	Checking for flow boundary in mesh.
	Checking for injection boundary in mesh.
	Checking for upstream_injection boundary in mesh.
	Checking for isothermal_wall boundary in mesh.
	Checking for wall boundary in mesh.
	Checking for slip_wall boundary in mesh.
	Checking for noslip_wall boundary in mesh.
	Checking for symmetry boundary in mesh.
	Checking for wall_interface boundary in mesh.

	Interface wall boundary conditions are noslip for velocity
#### Simluation control data: ####


#### Visualization setup: ####
	Basic visualization output enabled.
	(cv, dv, cfl)
	Extra visualization output enabled for derived quantities.
	(velocity, mass_fractions, etc.)
	Writing viz data every 1000 steps.
#### Visualization setup: ####

#### Simluation initialization data: ####
	Initializing flow to y3prediction
	Inflow stagnation pressure 274500.0
	Inflow stagnation temperature 2076.43
	Injection stagnation pressure 50400.0
	Injection stagnation temperature 300.0
	Upstream injection stagnation pressure50400.0
	Upstream injection stagnation temperature300.0
#### Simluation initialization data: ####

#### Simluation setup data: ####
	vel_sigma = 500
	temp_sigma = 1250
	vel_sigma_injection = 5000
	temp_sigma_injection = 5000
#### Simluation setup data: ####

#### Ignition control parameters ####
spark center (0.677,-0.021)
spark FWHM 0.02
spark strength 600.0
ignition time 5e-08
ignition duration 1e-08
heat source ignition
#### Ignition control parameters ####


#### Injection source control parameters ####
injection source center (0.677,-0.021,0.0)
injection source FWHM 0.0025
injection source mass 2.0
injection source energy 1000.0
injection source mom (3.0 3.0 0.0
injection source start time 999999999.0
#### Injection source control parameters ####


Setting inviscid numerical flux to: Rusanov
Setting viscous numerical flux to: Harmonic

species_names=['C2H4', 'O2', 'CO2', 'CO', 'H2O', 'H2', 'N2']
{'C2H4': 0.0001, 'O2': 0.0001, 'CO2': 0.0001, 'CO': 0.0001, 'H2O': 0.0001, 'H2': 0.0001, 'N2': 0.0001}

#### Simluation material properties: ####
#### Fluid domain: ####
	mu = 4.216360056e-05
	kappa = 0.05621788139856423
	Prandtl Number  = 0.75
	nspecies = 7
	full multi-species initialization with pyrometheus eos
	combustion source terms enabled
	Pyrometheus EOS
	Pyro mechanism uiuc_sharp

Species mass fractions limited to [0:1]
#### Wall domain: ####
	Reactive wall model for porous media
	Wall oxidizer transport enabled
	 Wall mass loss enabled
	Wall density = 1625
	Wall cp = 770
	Wall O2 diff = 0.0001
	Wall surround density = 7900.0
	Wall surround cp = 470
	Wall surround kappa = 48
	Wall time scale = 100
	Wall penalty = 0
#### Simluation material properties: ####
species_names=['C2H4', 'O2', 'CO2', 'CO', 'H2O', 'H2', 'N2']
{'C2H4': 0.0001, 'O2': 0.0001, 'CO2': 0.0001, 'CO': 0.0001, 'H2O': 0.0001, 'H2': 0.0001, 'N2': 0.0001}
	 Power law transport model:
		 temperature dependent viscosity, species diffusivity
	transport_alpha = 0.6
	transport_beta = 4.093e-07
	transport_sigma = 2.0
	transport_n = 0.666
	species diffusivity = [0.0001 0.0001 0.0001 0.0001 0.0001 0.0001 0.0001]
#### Simluation initialization data: ####
	inlet Mach number 0.039188827430281535
	inlet gamma 1.2942272392672118
	inlet temperature 2075.9609743385954
	inlet pressure 274227.36437127565
	inlet rho 0.4607349972974453
	inlet velocity 34.39515974209585
	********
	outlet Mach number 3.793040446574542
	outlet gamma 1.3777480529683475
	outlet temperature 558.5757736845096
	outlet pressure 2284.257055974718
	outlet rho 0.014263380803459059
	outlet velocity 1796.0265011633348
	********
	injector Mach number 1.0
	injector gamma 1.3246735835852341
	injector temperature 258.1007615257789
	injector pressure 27281.922529269654
	injector rho 0.1911428114322463
	injector velocity -434.8234312418551
Reading mesh from data/actii_np2.msh
Read(rank, batch): Dist(0, 0) on lassen204.
Reading mesh on lassen204.
Reading gmsh mesh from disk file...
Done. Populating meshmode data structures...
Done.
Read GMSH: 1.040754795074463
MeshData: 1.6118059158325195
Mesh reading done on all nodes.
Making partition table on all nodes.
2025-04-11 23:26:45,427 - WARNING - py.warnings - /p/gpfs1/mtcampbe/CEESD/AutomatedTesting/MIRGE-Timing/timing/emirge/mirgecom/mirgecom/simutil.py:601: UserWarning: num_ranks is deprecated, use nranks_per_axis instead.
  warn("num_ranks is deprecated, use nranks_per_axis instead.")

Partitioning mesh on all nodes.
Partitioning done, distributing to node-local ranks.
Rank(0) mesh partition
---------------------------
Number of fluid elements: 23177
Number of wall elements: 876
Number of elements: 24053
---------------------------
Rank(1) mesh partition
---------------------------
Number of fluid elements: 17002
Number of wall elements: 6853
Number of elements: 23855
---------------------------
No target file specied, using restart as target
No target file specied, using restart as target
Making 3D order 4 discretization.
2025-04-11 23:26:45,963 - INFO - meshmode.discretization.connection.face - building face restriction: start
2025-04-11 23:26:45,963 - INFO - meshmode.discretization.connection.face - building face restriction: start
2025-04-11 23:26:45,987 - INFO - meshmode.discretization.connection.face - building face restriction: done
2025-04-11 23:26:45,987 - INFO - meshmode.discretization.connection.face - building face restriction: done
2025-04-11 23:26:45,988 - INFO - meshmode.discretization.connection.face - building face restriction: start
2025-04-11 23:26:45,988 - INFO - meshmode.discretization.connection.face - building face restriction: start
2025-04-11 23:26:45,999 - INFO - meshmode.discretization.connection.face - building face restriction: done
2025-04-11 23:26:46,000 - INFO - meshmode.discretization.connection.face - building face restriction: start
2025-04-11 23:26:46,006 - INFO - meshmode.discretization.connection.face - building face restriction: done
2025-04-11 23:26:46,006 - INFO - meshmode.discretization.connection.face - building face restriction: start
2025-04-11 23:26:46,025 - INFO - meshmode.discretization.connection.face - building face restriction: done
2025-04-11 23:26:46,034 - INFO - meshmode.discretization.connection.face - building face restriction: done
2025-04-11 23:26:46,034 - INFO - meshmode.discretization.connection.face - building face restriction: start
2025-04-11 23:26:46,035 - WARNING - py.warnings - /p/gpfs1/mtcampbe/CEESD/AutomatedTesting/MIRGE-Timing/timing/emirge/arraycontext/arraycontext/impl/pytato/__init__.py:415: UserWarning: Running on an Nvidia GPU, reducing the argument size limit from 4352 to 3896.
  warn("Running on an Nvidia GPU, reducing the argument "

2025-04-11 23:26:46,035 - INFO - arraycontext.impl.pytato - limiting argument buffer size for <pyopencl.Device 'Tesla V100-SXM2-16GB' on 'Portable Computing Language' at 0x103476f40> to 3896 bytes
2025-04-11 23:26:46,067 - INFO - meshmode.discretization.connection.face - building face restriction: done
2025-04-11 23:26:46,079 - WARNING - py.warnings - /p/gpfs1/mtcampbe/CEESD/AutomatedTesting/MIRGE-Timing/timing/emirge/arraycontext/arraycontext/impl/pytato/__init__.py:415: UserWarning: Running on an Nvidia GPU, reducing the argument size limit from 4352 to 3896.
  warn("Running on an Nvidia GPU, reducing the argument "

2025-04-11 23:26:46,080 - INFO - arraycontext.impl.pytato - limiting argument buffer size for <pyopencl.Device 'Tesla V100-SXM2-16GB' on 'Portable Computing Language' at 0x103436ba0> to 3896 bytes
2025-04-11 23:26:46,145 - INFO - meshmode.array_context - FusionContractorArrayContext.transform_loopy_program 'frozen_nodes0_3d': cache hit
2025-04-11 23:26:46,154 - INFO - meshmode.array_context - FusionContractorArrayContext.transform_loopy_program 'frozen_nodes0_3d': cache hit
2025-04-11 23:26:46,614 - INFO - meshmode.array_context - FusionContractorArrayContext.transform_loopy_program 'frozen_nodes1_3d': cache hit
2025-04-11 23:26:46,702 - INFO - pyopencl - build program: kernel 'frozen_nodes0_3d' was part of a lengthy uncached source build (assuming cached by ICD) (0.23 s)
2025-04-11 23:26:46,735 - INFO - meshmode.array_context - FusionContractorArrayContext.transform_loopy_program 'frozen_nodes2_3d': cache hit
2025-04-11 23:26:46,844 - INFO - arraycontext.impl.pytato - limiting argument buffer size for <pyopencl.Device 'Tesla V100-SXM2-16GB' on 'Portable Computing Language' at 0x103476f40> to 3896 bytes
2025-04-11 23:26:46,856 - INFO - meshmode.array_context - FusionContractorArrayContext.transform_loopy_program 'frozen_nodes1_3d': cache hit
2025-04-11 23:26:46,858 - INFO - meshmode.array_context - FusionContractorArrayContext.transform_loopy_program 'frozen_nodes0_3d': cache hit
2025-04-11 23:26:46,944 - INFO - meshmode.array_context - FusionContractorArrayContext.transform_loopy_program 'frozen_nodes1_3d': cache hit
2025-04-11 23:26:47,038 - INFO - meshmode.array_context - FusionContractorArrayContext.transform_loopy_program 'frozen_nodes2_3d': cache hit
2025-04-11 23:26:47,053 - INFO - meshmode.array_context - FusionContractorArrayContext.transform_loopy_program 'frozen_nodes2_3d': cache hit
2025-04-11 23:26:47,126 - INFO - meshmode.discretization.connection.face - building face restriction: start
2025-04-11 23:26:47,137 - INFO - meshmode.discretization.connection.face - building face restriction: done
2025-04-11 23:26:47,158 - INFO - meshmode.discretization.connection.face - building face restriction: start
2025-04-11 23:26:47,169 - INFO - meshmode.discretization.connection.face - building face restriction: done
2025-04-11 23:26:47,169 - INFO - meshmode.discretization.connection.face - building face restriction: start
2025-04-11 23:26:47,183 - INFO - meshmode.discretization.connection.face - building face restriction: done
2025-04-11 23:26:47,222 - INFO - arraycontext.impl.pytato - limiting argument buffer size for <pyopencl.Device 'Tesla V100-SXM2-16GB' on 'Portable Computing Language' at 0x103436ba0> to 3896 bytes
2025-04-11 23:26:47,236 - INFO - meshmode.array_context - FusionContractorArrayContext.transform_loopy_program 'frozen_nodes0_3d': cache hit
2025-04-11 23:26:47,323 - INFO - meshmode.array_context - FusionContractorArrayContext.transform_loopy_program 'frozen_nodes1_3d': cache hit
2025-04-11 23:26:47,431 - INFO - meshmode.array_context - FusionContractorArrayContext.transform_loopy_program 'frozen_nodes2_3d': cache hit
2025-04-11 23:26:47,521 - INFO - meshmode.discretization.connection.face - building face restriction: start
2025-04-11 23:26:47,532 - INFO - meshmode.discretization.connection.face - building face restriction: done
2025-04-11 23:26:47,555 - INFO - meshmode.discretization.connection.face - building face restriction: start
2025-04-11 23:26:47,569 - INFO - meshmode.discretization.connection.face - building face restriction: done
2025-04-11 23:26:47,570 - INFO - meshmode.distributed - bdry comm rank 1 comm begin
2025-04-11 23:26:47,570 - INFO - meshmode.distributed - bdry comm rank 0 comm begin
2025-04-11 23:26:47,610 - INFO - arraycontext.impl.pytato - limiting argument buffer size for <pyopencl.Device 'Tesla V100-SXM2-16GB' on 'Portable Computing Language' at 0x103436ba0> to 3896 bytes
2025-04-11 23:26:47,610 - INFO - arraycontext.impl.pytato - limiting argument buffer size for <pyopencl.Device 'Tesla V100-SXM2-16GB' on 'Portable Computing Language' at 0x103476f40> to 3896 bytes
2025-04-11 23:26:47,624 - INFO - meshmode.array_context - FusionContractorArrayContext.transform_loopy_program 'frozen_nodes0_3d': cache hit
2025-04-11 23:26:47,624 - INFO - meshmode.array_context - FusionContractorArrayContext.transform_loopy_program 'frozen_nodes0_3d': cache hit
2025-04-11 23:26:47,720 - INFO - meshmode.array_context - FusionContractorArrayContext.transform_loopy_program 'frozen_nodes1_3d': cache hit
2025-04-11 23:26:47,746 - INFO - meshmode.array_context - FusionContractorArrayContext.transform_loopy_program 'frozen_nodes1_3d': cache hit
2025-04-11 23:26:47,840 - INFO - meshmode.array_context - FusionContractorArrayContext.transform_loopy_program 'frozen_nodes2_3d': cache hit
2025-04-11 23:26:47,844 - INFO - meshmode.array_context - FusionContractorArrayContext.transform_loopy_program 'frozen_nodes2_3d': cache hit
2025-04-11 23:26:47,950 - INFO - arraycontext.impl.pytato - limiting argument buffer size for <pyopencl.Device 'Tesla V100-SXM2-16GB' on 'Portable Computing Language' at 0x103476f40> to 3896 bytes
2025-04-11 23:26:47,963 - INFO - arraycontext.impl.pytato - limiting argument buffer size for <pyopencl.Device 'Tesla V100-SXM2-16GB' on 'Portable Computing Language' at 0x103436ba0> to 3896 bytes
2025-04-11 23:26:47,965 - INFO - meshmode.array_context - FusionContractorArrayContext.transform_loopy_program 'frozen_nodes0_3d': cache hit
2025-04-11 23:26:47,977 - INFO - meshmode.array_context - FusionContractorArrayContext.transform_loopy_program 'frozen_nodes0_3d': cache hit
2025-04-11 23:26:48,063 - INFO - meshmode.array_context - FusionContractorArrayContext.transform_loopy_program 'frozen_nodes1_3d': cache hit
2025-04-11 23:26:48,072 - INFO - meshmode.array_context - FusionContractorArrayContext.transform_loopy_program 'frozen_nodes1_3d': cache hit
2025-04-11 23:26:48,153 - INFO - meshmode.array_context - FusionContractorArrayContext.transform_loopy_program 'frozen_nodes2_3d': cache hit
2025-04-11 23:26:48,170 - INFO - meshmode.array_context - FusionContractorArrayContext.transform_loopy_program 'frozen_nodes2_3d': cache hit
2025-04-11 23:26:48,257 - INFO - arraycontext.impl.pytato - limiting argument buffer size for <pyopencl.Device 'Tesla V100-SXM2-16GB' on 'Portable Computing Language' at 0x103436ba0> to 3896 bytes
2025-04-11 23:26:48,271 - INFO - meshmode.array_context - FusionContractorArrayContext.transform_loopy_program 'frozen_nodes0_3d': cache hit
2025-04-11 23:26:48,272 - INFO - arraycontext.impl.pytato - limiting argument buffer size for <pyopencl.Device 'Tesla V100-SXM2-16GB' on 'Portable Computing Language' at 0x103476f40> to 3896 bytes
2025-04-11 23:26:48,286 - INFO - meshmode.array_context - FusionContractorArrayContext.transform_loopy_program 'frozen_nodes0_3d': cache hit
2025-04-11 23:26:48,372 - INFO - meshmode.array_context - FusionContractorArrayContext.transform_loopy_program 'frozen_nodes1_3d': cache hit
2025-04-11 23:26:48,409 - INFO - meshmode.array_context - FusionContractorArrayContext.transform_loopy_program 'frozen_nodes1_3d': cache hit
2025-04-11 23:26:48,508 - INFO - meshmode.array_context - FusionContractorArrayContext.transform_loopy_program 'frozen_nodes2_3d': cache hit
2025-04-11 23:26:48,534 - INFO - meshmode.array_context - FusionContractorArrayContext.transform_loopy_program 'frozen_nodes2_3d': cache hit
2025-04-11 23:26:48,614 - INFO - arraycontext.impl.pytato - limiting argument buffer size for <pyopencl.Device 'Tesla V100-SXM2-16GB' on 'Portable Computing Language' at 0x103436ba0> to 3896 bytes
2025-04-11 23:26:48,627 - INFO - meshmode.array_context - FusionContractorArrayContext.transform_loopy_program 'frozen_nodes0_3d': cache hit
2025-04-11 23:26:48,699 - INFO - arraycontext.impl.pytato - limiting argument buffer size for <pyopencl.Device 'Tesla V100-SXM2-16GB' on 'Portable Computing Language' at 0x103476f40> to 3896 bytes
2025-04-11 23:26:48,712 - INFO - meshmode.array_context - FusionContractorArrayContext.transform_loopy_program 'frozen_nodes1_3d': cache hit
2025-04-11 23:26:48,713 - INFO - meshmode.array_context - FusionContractorArrayContext.transform_loopy_program 'frozen_nodes0_3d': cache hit
2025-04-11 23:26:48,801 - INFO - meshmode.array_context - FusionContractorArrayContext.transform_loopy_program 'frozen_nodes1_3d': cache hit
2025-04-11 23:26:48,805 - INFO - meshmode.array_context - FusionContractorArrayContext.transform_loopy_program 'frozen_nodes2_3d': cache hit
2025-04-11 23:26:48,887 - INFO - arraycontext.impl.pytato - limiting argument buffer size for <pyopencl.Device 'Tesla V100-SXM2-16GB' on 'Portable Computing Language' at 0x103436ba0> to 3896 bytes
2025-04-11 23:26:48,901 - INFO - meshmode.array_context - FusionContractorArrayContext.transform_loopy_program 'frozen_nodes0_3d': cache hit
2025-04-11 23:26:48,901 - INFO - meshmode.array_context - FusionContractorArrayContext.transform_loopy_program 'frozen_nodes2_3d': cache hit
2025-04-11 23:26:48,978 - INFO - arraycontext.impl.pytato - limiting argument buffer size for <pyopencl.Device 'Tesla V100-SXM2-16GB' on 'Portable Computing Language' at 0x103476f40> to 3896 bytes
2025-04-11 23:26:48,992 - INFO - meshmode.array_context - FusionContractorArrayContext.transform_loopy_program 'frozen_nodes0_3d': cache hit
2025-04-11 23:26:49,018 - INFO - meshmode.array_context - FusionContractorArrayContext.transform_loopy_program 'frozen_nodes1_3d': cache hit
2025-04-11 23:26:49,091 - INFO - meshmode.array_context - FusionContractorArrayContext.transform_loopy_program 'frozen_nodes1_3d': cache hit
2025-04-11 23:26:49,168 - INFO - meshmode.array_context - FusionContractorArrayContext.transform_loopy_program 'frozen_nodes2_3d': cache hit
2025-04-11 23:26:49,225 - INFO - meshmode.array_context - FusionContractorArrayContext.transform_loopy_program 'frozen_nodes2_3d': cache hit
2025-04-11 23:26:49,263 - INFO - arraycontext.impl.pytato - limiting argument buffer size for <pyopencl.Device 'Tesla V100-SXM2-16GB' on 'Portable Computing Language' at 0x103436ba0> to 3896 bytes
2025-04-11 23:26:49,277 - INFO - meshmode.array_context - FusionContractorArrayContext.transform_loopy_program 'frozen_nodes0_3d': cache hit
2025-04-11 23:26:49,356 - INFO - arraycontext.impl.pytato - limiting argument buffer size for <pyopencl.Device 'Tesla V100-SXM2-16GB' on 'Portable Computing Language' at 0x103476f40> to 3896 bytes
2025-04-11 23:26:49,361 - INFO - meshmode.array_context - FusionContractorArrayContext.transform_loopy_program 'frozen_nodes1_3d': cache hit
2025-04-11 23:26:49,370 - INFO - meshmode.array_context - FusionContractorArrayContext.transform_loopy_program 'frozen_nodes0_3d': cache hit
2025-04-11 23:26:49,445 - INFO - meshmode.array_context - FusionContractorArrayContext.transform_loopy_program 'frozen_nodes2_3d': cache hit
2025-04-11 23:26:49,456 - INFO - meshmode.array_context - FusionContractorArrayContext.transform_loopy_program 'frozen_nodes1_3d': cache hit
2025-04-11 23:26:49,522 - INFO - arraycontext.impl.pytato - limiting argument buffer size for <pyopencl.Device 'Tesla V100-SXM2-16GB' on 'Portable Computing Language' at 0x103436ba0> to 3896 bytes
2025-04-11 23:26:49,536 - INFO - meshmode.array_context - FusionContractorArrayContext.transform_loopy_program 'frozen_nodes0_3d': cache hit
2025-04-11 23:26:49,543 - INFO - meshmode.array_context - FusionContractorArrayContext.transform_loopy_program 'frozen_nodes2_3d': cache hit
2025-04-11 23:26:49,658 - INFO - arraycontext.impl.pytato - limiting argument buffer size for <pyopencl.Device 'Tesla V100-SXM2-16GB' on 'Portable Computing Language' at 0x103476f40> to 3896 bytes
2025-04-11 23:26:49,673 - INFO - meshmode.array_context - FusionContractorArrayContext.transform_loopy_program 'frozen_nodes0_3d': cache hit
2025-04-11 23:26:49,685 - INFO - meshmode.array_context - FusionContractorArrayContext.transform_loopy_program 'frozen_nodes1_3d': cache hit
2025-04-11 23:26:49,845 - INFO - meshmode.array_context - FusionContractorArrayContext.transform_loopy_program 'frozen_nodes2_3d': cache hit
2025-04-11 23:26:49,897 - INFO - pyopencl - build program: kernel 'frozen_nodes0_3d' was part of a lengthy uncached source build (assuming cached by ICD) (0.22 s)
2025-04-11 23:26:49,917 - INFO - meshmode.array_context - FusionContractorArrayContext.transform_loopy_program 'frozen_nodes1_3d': cache hit
2025-04-11 23:26:49,960 - INFO - arraycontext.impl.pytato - limiting argument buffer size for <pyopencl.Device 'Tesla V100-SXM2-16GB' on 'Portable Computing Language' at 0x103436ba0> to 3896 bytes
2025-04-11 23:26:49,974 - INFO - meshmode.array_context - FusionContractorArrayContext.transform_loopy_program 'frozen_nodes0_3d': cache hit
2025-04-11 23:26:50,061 - INFO - meshmode.array_context - FusionContractorArrayContext.transform_loopy_program 'frozen_nodes1_3d': cache hit
2025-04-11 23:26:50,075 - INFO - meshmode.array_context - FusionContractorArrayContext.transform_loopy_program 'frozen_nodes2_3d': cache hit
2025-04-11 23:26:50,148 - INFO - meshmode.array_context - FusionContractorArrayContext.transform_loopy_program 'frozen_nodes2_3d': cache hit
2025-04-11 23:26:50,220 - INFO - meshmode.distributed - bdry comm rank 1 comm end
2025-04-11 23:26:50,226 - INFO - arraycontext.impl.pytato - limiting argument buffer size for <pyopencl.Device 'Tesla V100-SXM2-16GB' on 'Portable Computing Language' at 0x103476f40> to 3896 bytes
2025-04-11 23:26:50,240 - INFO - meshmode.array_context - FusionContractorArrayContext.transform_loopy_program 'frozen_nodes0_3d': cache hit
2025-04-11 23:26:50,241 - INFO - arraycontext.impl.pytato - limiting argument buffer size for <pyopencl.Device 'Tesla V100-SXM2-16GB' on 'Portable Computing Language' at 0x103436ba0> to 3896 bytes
2025-04-11 23:26:50,254 - INFO - meshmode.array_context - FusionContractorArrayContext.transform_loopy_program 'frozen_nodes0_3d': cache hit
2025-04-11 23:26:50,364 - INFO - meshmode.array_context - FusionContractorArrayContext.transform_loopy_program 'frozen_nodes1_3d': cache hit
2025-04-11 23:26:50,407 - INFO - meshmode.array_context - FusionContractorArrayContext.transform_loopy_program 'frozen_nodes1_3d': cache hit
2025-04-11 23:26:50,452 - INFO - meshmode.array_context - FusionContractorArrayContext.transform_loopy_program 'frozen_nodes2_3d': cache hit
2025-04-11 23:26:50,536 - INFO - meshmode.array_context - FusionContractorArrayContext.transform_loopy_program 'frozen_nodes2_3d': cache hit
2025-04-11 23:26:50,536 - INFO - meshmode.distributed - bdry comm rank 0 comm end
Done making discretization
2025-04-11 23:26:50,556 - INFO - arraycontext.impl.pytato - limiting argument buffer size for <pyopencl.Device 'Tesla V100-SXM2-16GB' on 'Portable Computing Language' at 0x103476f40> to 3896 bytes
2025-04-11 23:26:50,569 - INFO - meshmode.array_context - FusionContractorArrayContext.transform_loopy_program 'frozen_nodes0_3d': cache hit
2025-04-11 23:26:50,663 - INFO - meshmode.discretization.connection.face - building face restriction: start
2025-04-11 23:26:50,678 - INFO - meshmode.discretization.connection.face - building face restriction: done
2025-04-11 23:26:50,683 - INFO - arraycontext.impl.pytato - limiting argument buffer size for <pyopencl.Device 'Tesla V100-SXM2-16GB' on 'Portable Computing Language' at 0x103436ba0> to 3896 bytes
2025-04-11 23:26:50,696 - INFO - meshmode.array_context - FusionContractorArrayContext.transform_loopy_program 'frozen_nodes0_3d': cache hit
2025-04-11 23:26:50,736 - INFO - meshmode.array_context - FusionContractorArrayContext.transform_loopy_program 'frozen_nodes1_3d': cache hit
2025-04-11 23:26:50,786 - INFO - meshmode.array_context - FusionContractorArrayContext.transform_loopy_program 'frozen_nodes1_3d': cache hit
2025-04-11 23:26:50,875 - INFO - meshmode.array_context - FusionContractorArrayContext.transform_loopy_program 'frozen_nodes2_3d': cache hit
2025-04-11 23:26:50,904 - INFO - meshmode.array_context - FusionContractorArrayContext.transform_loopy_program 'frozen_nodes2_3d': cache hit
2025-04-11 23:26:50,952 - INFO - meshmode.discretization.connection.face - building face restriction: start
2025-04-11 23:26:51,082 - INFO - meshmode.discretization.connection.face - building face restriction: start
2025-04-11 23:26:51,097 - INFO - meshmode.discretization.connection.face - building face restriction: done
2025-04-11 23:26:51,102 - INFO - arraycontext.impl.pytato - limiting argument buffer size for <pyopencl.Device 'Tesla V100-SXM2-16GB' on 'Portable Computing Language' at 0x103476f40> to 3896 bytes
2025-04-11 23:26:51,116 - INFO - meshmode.array_context - FusionContractorArrayContext.transform_loopy_program 'frozen_nodes0_3d': cache hit
2025-04-11 23:26:51,131 - INFO - meshmode.discretization.connection.face - building face restriction: done
2025-04-11 23:26:51,137 - INFO - arraycontext.impl.pytato - limiting argument buffer size for <pyopencl.Device 'Tesla V100-SXM2-16GB' on 'Portable Computing Language' at 0x103436ba0> to 3896 bytes
2025-04-11 23:26:51,149 - INFO - meshmode.array_context - FusionContractorArrayContext.transform_loopy_program 'frozen_nodes0_3d': cache hit
2025-04-11 23:26:51,325 - INFO - meshmode.array_context - FusionContractorArrayContext.transform_loopy_program 'frozen_nodes1_3d': cache hit
2025-04-11 23:26:51,375 - INFO - meshmode.array_context - FusionContractorArrayContext.transform_loopy_program 'frozen_nodes1_3d': cache hit
2025-04-11 23:26:51,486 - INFO - meshmode.array_context - FusionContractorArrayContext.transform_loopy_program 'frozen_nodes2_3d': cache hit
2025-04-11 23:26:51,546 - INFO - meshmode.array_context - FusionContractorArrayContext.transform_loopy_program 'frozen_nodes2_3d': cache hit
2025-04-11 23:26:51,645 - INFO - arraycontext.impl.pytato - limiting argument buffer size for <pyopencl.Device 'Tesla V100-SXM2-16GB' on 'Portable Computing Language' at 0x103436ba0> to 3896 bytes
2025-04-11 23:26:51,658 - INFO - meshmode.array_context - FusionContractorArrayContext.transform_loopy_program 'frozen_nodes0_3d': cache hit
Found boundary named flow in fluid domain
2025-04-11 23:26:51,689 - INFO - meshmode.discretization.connection.face - building face restriction: start
2025-04-11 23:26:51,834 - INFO - meshmode.array_context - FusionContractorArrayContext.transform_loopy_program 'frozen_nodes1_3d': cache hit
2025-04-11 23:26:51,882 - INFO - meshmode.discretization.connection.face - building face restriction: done
2025-04-11 23:26:51,888 - INFO - arraycontext.impl.pytato - limiting argument buffer size for <pyopencl.Device 'Tesla V100-SXM2-16GB' on 'Portable Computing Language' at 0x103476f40> to 3896 bytes
2025-04-11 23:26:51,901 - INFO - meshmode.array_context - FusionContractorArrayContext.transform_loopy_program 'frozen_nodes0_3d': cache hit
2025-04-11 23:26:51,989 - INFO - meshmode.array_context - FusionContractorArrayContext.transform_loopy_program 'frozen_nodes2_3d': cache hit
2025-04-11 23:26:52,010 - INFO - meshmode.array_context - FusionContractorArrayContext.transform_loopy_program 'frozen_nodes1_3d': cache hit
2025-04-11 23:26:52,101 - INFO - meshmode.array_context - FusionContractorArrayContext.transform_loopy_program 'frozen_nodes2_3d': cache hit
2025-04-11 23:26:52,147 - INFO - arraycontext.impl.pytato - limiting argument buffer size for <pyopencl.Device 'Tesla V100-SXM2-16GB' on 'Portable Computing Language' at 0x103436ba0> to 3896 bytes
2025-04-11 23:26:52,155 - INFO - meshmode.array_context - FusionContractorArrayContext.transform_loopy_program 'frozen_result': cache hit
Found boundary named isothermal_wall in fluid domain
Could not find boundary named wall in fluid domain, boundary type will be unused
### Boundary Condition Summary ###
The following boundary conditions are enabled:
	flow = prescribed
	isothermal_wall = isothermal_noslip
The following boundary conditions are unused:
	outflow
	inflow
	injection
	upstream_injection
	wall
	slip_wall
	noslip_wall
	symmetry
	wall_interface
### Boundary Condition Summary ###
2025-04-11 23:26:52,195 - INFO - arraycontext.impl.pytato - limiting argument buffer size for <pyopencl.Device 'Tesla V100-SXM2-16GB' on 'Portable Computing Language' at 0x103476f40> to 3896 bytes
2025-04-11 23:26:52,208 - INFO - meshmode.array_context - FusionContractorArrayContext.transform_loopy_program 'frozen_nodes0_3d': cache hit
2025-04-11 23:26:52,367 - INFO - meshmode.array_context - FusionContractorArrayContext.transform_loopy_program 'frozen_nodes1_3d': cache hit
2025-04-11 23:26:52,535 - INFO - meshmode.array_context - FusionContractorArrayContext.transform_loopy_program 'frozen_nodes2_3d': cache hit
2025-04-11 23:26:52,558 - INFO - arraycontext.impl.pytato - limiting argument buffer size for <pyopencl.Device 'Tesla V100-SXM2-16GB' on 'Portable Computing Language' at 0x103436ba0> to 3896 bytes
2025-04-11 23:26:52,711 - INFO - arraycontext.impl.pytato - limiting argument buffer size for <pyopencl.Device 'Tesla V100-SXM2-16GB' on 'Portable Computing Language' at 0x103476f40> to 3896 bytes
2025-04-11 23:26:52,719 - INFO - meshmode.array_context - FusionContractorArrayContext.transform_loopy_program 'frozen_result': cache hit
2025-04-11 23:26:52,760 - INFO - meshmode.array_context - FusionContractorArrayContext.transform_loopy_program 'frozen_area_el_v_fluid': cache hit
2025-04-11 23:26:53,048 - INFO - pyopencl - build program: kernel 'frozen_area_el_v_fluid' was part of a lengthy uncached source build (assuming cached by ICD) (0.24 s)
2025-04-11 23:26:53,074 - INFO - meshmode.discretization.connection.face - building face restriction: start
2025-04-11 23:26:53,148 - INFO - arraycontext.impl.pytato - limiting argument buffer size for <pyopencl.Device 'Tesla V100-SXM2-16GB' on 'Portable Computing Language' at 0x103476f40> to 3896 bytes
2025-04-11 23:26:53,175 - INFO - meshmode.discretization.connection.face - building face restriction: done
2025-04-11 23:26:53,186 - INFO - arraycontext.impl.pytato - limiting argument buffer size for <pyopencl.Device 'Tesla V100-SXM2-16GB' on 'Portable Computing Language' at 0x103436ba0> to 3896 bytes
2025-04-11 23:26:53,201 - INFO - meshmode.array_context - FusionContractorArrayContext.transform_loopy_program 'frozen_nodes0_3d': cache hit
2025-04-11 23:26:53,318 - INFO - meshmode.array_context - FusionContractorArrayContext.transform_loopy_program 'frozen_nodes1_3d': cache hit
2025-04-11 23:26:53,354 - INFO - meshmode.array_context - FusionContractorArrayContext.transform_loopy_program 'frozen_area_el_v_fluid': cache hit
2025-04-11 23:26:53,413 - INFO - meshmode.array_context - FusionContractorArrayContext.transform_loopy_program 'frozen_nodes2_3d': cache hit
2025-04-11 23:26:53,638 - INFO - meshmode.discretization.connection.face - building face restriction: start
2025-04-11 23:26:53,716 - INFO - meshmode.discretization.connection.face - building face restriction: done
2025-04-11 23:26:53,729 - INFO - arraycontext.impl.pytato - limiting argument buffer size for <pyopencl.Device 'Tesla V100-SXM2-16GB' on 'Portable Computing Language' at 0x103476f40> to 3896 bytes
2025-04-11 23:26:53,744 - INFO - meshmode.array_context - FusionContractorArrayContext.transform_loopy_program 'frozen_nodes0_3d': cache hit
2025-04-11 23:26:53,898 - INFO - meshmode.array_context - FusionContractorArrayContext.transform_loopy_program 'frozen_nodes1_3d': cache hit
2025-04-11 23:26:53,941 - INFO - meshmode.array_context - FusionContractorArrayContext.transform_loopy_program 'frozen_area_el_b_face_restr_all': cache hit
2025-04-11 23:26:54,039 - INFO - meshmode.array_context - FusionContractorArrayContext.transform_loopy_program 'frozen_nodes2_3d': cache hit
2025-04-11 23:26:54,222 - INFO - meshmode.array_context - FusionContractorArrayContext.transform_loopy_program 'frozen_dt_geometric_v_fluid': cache hit
Traceback (most recent call last):
  File "/p/gpfs1/mtcampbe/CEESD/AutomatedTesting/MIRGE-Timing/timing/emirge/miniforge3/envs/timing.main/lib/python3.12/site-packages/pytools/__init__.py", line 911, in new_inner
    return self.cache_dict[args]
           ~~~~~~~~~~~~~~~^^^^^^
KeyError: ()

During handling of the above exception, another exception occurred:

Traceback (most recent call last):
  File "/p/gpfs1/mtcampbe/CEESD/AutomatedTesting/MIRGE-Timing/timing/emirge/miniforge3/envs/timing.main/lib/python3.12/site-packages/pytools/__init__.py", line 911, in new_inner
    return self.cache_dict[args]
           ~~~~~~~~~~~~~~~^^^^^^
KeyError: ()

During handling of the above exception, another exception occurred:

Traceback (most recent call last):
  File "<frozen runpy>", line 198, in _run_module_as_main
  File "<frozen runpy>", line 88, in _run_code
  File "/p/gpfs1/mtcampbe/CEESD/AutomatedTesting/MIRGE-Timing/timing/emirge/miniforge3/envs/timing.main/lib/python3.12/site-packages/mpi4py/__main__.py", line 7, in <module>
    main()
  File "/p/gpfs1/mtcampbe/CEESD/AutomatedTesting/MIRGE-Timing/timing/emirge/miniforge3/envs/timing.main/lib/python3.12/site-packages/mpi4py/run.py", line 214, in main
    run_command_line(args)
  File "/p/gpfs1/mtcampbe/CEESD/AutomatedTesting/MIRGE-Timing/timing/emirge/miniforge3/envs/timing.main/lib/python3.12/site-packages/mpi4py/run.py", line 46, in run_command_line
    run_path(sys.argv[0], run_name='__main__')
  File "<frozen runpy>", line 287, in run_path
  File "<frozen runpy>", line 98, in _run_module_code
  File "<frozen runpy>", line 88, in _run_code
  File "driver.py", line 83, in <module>
    main(actx_class, restart_filename=restart_filename,
  File "/p/gpfs1/mtcampbe/CEESD/AutomatedTesting/MIRGE-Timing/timing/emirge/mirgecom/mirgecom/mpi.py", line 152, in wrapped_func
    func(*args, **kwargs)
  File "/p/gpfs1/mtcampbe/CEESD/AutomatedTesting/MIRGE-Timing/timing/y3-prediction-scaling-run/y3prediction/prediction.py", line 4086, in main
    characteristic_lengthscales(actx, dcoll, dd=dd_vol_fluid))
    ^^^^^^^^^^^^^^^^^^^^^^^^^^^^^^^^^^^^^^^^^^^^^^^^^^^^^^^^^
  File "/p/gpfs1/mtcampbe/CEESD/AutomatedTesting/MIRGE-Timing/timing/emirge/grudge/grudge/dt_utils.py", line 120, in characteristic_lengthscales
    return actx.thaw(_compute_characteristic_lengthscales())
                     ^^^^^^^^^^^^^^^^^^^^^^^^^^^^^^^^^^^^^^
  File "/p/gpfs1/mtcampbe/CEESD/AutomatedTesting/MIRGE-Timing/timing/emirge/miniforge3/envs/timing.main/lib/python3.12/site-packages/pytools/__init__.py", line 913, in new_inner
    result = inner(*args, **kwargs)
             ^^^^^^^^^^^^^^^^^^^^^^
  File "/p/gpfs1/mtcampbe/CEESD/AutomatedTesting/MIRGE-Timing/timing/emirge/grudge/grudge/dt_utils.py", line 117, in _compute_characteristic_lengthscales
    actx.thaw(dt_geometric_factors(dcoll, dd)),
              ^^^^^^^^^^^^^^^^^^^^^^^^^^^^^^^
  File "/p/gpfs1/mtcampbe/CEESD/AutomatedTesting/MIRGE-Timing/timing/emirge/grudge/grudge/dt_utils.py", line 317, in dt_geometric_factors
    cast(DOFArray, op.elementwise_integral(
                   ^^^^^^^^^^^^^^^^^^^^^^^^
  File "/p/gpfs1/mtcampbe/CEESD/AutomatedTesting/MIRGE-Timing/timing/emirge/grudge/grudge/reductions.py", line 527, in elementwise_integral
    area_elements = area_element(
                    ^^^^^^^^^^^^^
  File "/p/gpfs1/mtcampbe/CEESD/AutomatedTesting/MIRGE-Timing/timing/emirge/grudge/grudge/geometry/metrics.py", line 674, in area_element
    return actx.thaw(_area_elements())
                     ^^^^^^^^^^^^^^^^
  File "/p/gpfs1/mtcampbe/CEESD/AutomatedTesting/MIRGE-Timing/timing/emirge/miniforge3/envs/timing.main/lib/python3.12/site-packages/pytools/__init__.py", line 913, in new_inner
    result = inner(*args, **kwargs)
             ^^^^^^^^^^^^^^^^^^^^^^
  File "/p/gpfs1/mtcampbe/CEESD/AutomatedTesting/MIRGE-Timing/timing/emirge/grudge/grudge/geometry/metrics.py", line 666, in _area_elements
    res = pseudoscalar(
          ^^^^^^^^^^^^^
  File "/p/gpfs1/mtcampbe/CEESD/AutomatedTesting/MIRGE-Timing/timing/emirge/grudge/grudge/geometry/metrics.py", line 639, in pseudoscalar
    return parametrization_derivative(
           ^^^^^^^^^^^^^^^^^^^^^^^^^^^
  File "/p/gpfs1/mtcampbe/CEESD/AutomatedTesting/MIRGE-Timing/timing/emirge/grudge/grudge/geometry/metrics.py", line 614, in parametrization_derivative
    return product(
           ^^^^^^^^
  File "/p/gpfs1/mtcampbe/CEESD/AutomatedTesting/MIRGE-Timing/timing/emirge/miniforge3/envs/timing.main/lib/python3.12/site-packages/pytools/__init__.py", line 1105, in product
    return reduce(mul, iterable, 1)
           ^^^^^^^^^^^^^^^^^^^^^^^^
  File "/p/gpfs1/mtcampbe/CEESD/AutomatedTesting/MIRGE-Timing/timing/emirge/grudge/grudge/geometry/metrics.py", line 615, in <genexpr>
    forward_metric_derivative_mv(
  File "/p/gpfs1/mtcampbe/CEESD/AutomatedTesting/MIRGE-Timing/timing/emirge/grudge/grudge/geometry/metrics.py", line 233, in forward_metric_derivative_mv
    forward_metric_derivative_vector(
  File "/p/gpfs1/mtcampbe/CEESD/AutomatedTesting/MIRGE-Timing/timing/emirge/grudge/grudge/geometry/metrics.py", line 206, in forward_metric_derivative_vector
    forward_metric_nth_derivative(
  File "/p/gpfs1/mtcampbe/CEESD/AutomatedTesting/MIRGE-Timing/timing/emirge/grudge/grudge/geometry/metrics.py", line 183, in forward_metric_nth_derivative
    return _geometry_to_quad_if_requested(
           ^^^^^^^^^^^^^^^^^^^^^^^^^^^^^^^
  File "/p/gpfs1/mtcampbe/CEESD/AutomatedTesting/MIRGE-Timing/timing/emirge/grudge/grudge/geometry/metrics.py", line 112, in _geometry_to_quad_if_requested
    dcoll._base_to_geoderiv_connection(inner_dd)(vec),
    ^^^^^^^^^^^^^^^^^^^^^^^^^^^^^^^^^^^^^^^^^^^^^^^^^
  File "/p/gpfs1/mtcampbe/CEESD/AutomatedTesting/MIRGE-Timing/timing/emirge/meshmode/meshmode/discretization/connection/direct.py", line 788, in __call__
    batch._global_from_element_indices(
  File "/p/gpfs1/mtcampbe/CEESD/AutomatedTesting/MIRGE-Timing/timing/emirge/meshmode/meshmode/discretization/connection/direct.py", line 171, in _global_from_element_indices
    np_full_from_element_indices[to_element_indices] = from_element_indices
    ~~~~~~~~~~~~~~~~~~~~~~~~~~~~^^^^^^^^^^^^^^^^^^^^
IndexError: index 536876657 is out of bounds for axis 0 with size 92708
2025-04-11 23:26:54,425 - INFO - meshmode.array_context - FusionContractorArrayContext.transform_loopy_program 'frozen_char_lscales': cache hit
--------------------------------------------------------------------------
MPI_ABORT was invoked on rank 0 in communicator MPI_COMM_WORLD
with errorcode 1.

NOTE: invoking MPI_ABORT causes Open MPI to kill all MPI processes.
You may or may not see output from other processes, depending on
exactly when Open MPI kills them.
--------------------------------------------------------------------------
++ return_code=1
++ set +x
mv: cannot stat ‘viz_data’: No such file or directory
mv: cannot stat ‘restart_data’: No such file or directory
**  scalability_test/prediction-scalability_np2 failed.
** Running prediction-scalability_np4 on 4 ranks.
++ runoptions='-n 4'
++ [[ ! -z '' ]]
++ jsrun -g 1 -a 1 -n 4 bash /p/gpfs1/mtcampbe/CEESD/AutomatedTesting/MIRGE-Timing/timing/y3-prediction-scaling-run/emirge/mirgecom/scripts/lassen-parallel-spawner.sh python -u -O -m mpi4py driver.py -c prediction-scalability_np4 -g /p/gpfs1/mtcampbe/CEESD/AutomatedTesting/MIRGE-Timing/timing/y3-prediction-scaling-run/scalability_test/log_data -i run_params_np4.yaml --log --lazy
Custom casename 'prediction-scalability_np4'
Custom casename 'prediction-scalability_np4'
Custom casename 'prediction-scalability_np4'
Custom casename 'prediction-scalability_np4'
2025-04-11 23:26:56,967 - INFO - grudge.array_context - get_reasonable_array_context_class: MPIFusionContractorArrayContext lazy=True distributed=True device-parallel=True
2025-04-11 23:26:56,967 - INFO - grudge.array_context - get_reasonable_array_context_class: MPIFusionContractorArrayContext lazy=True distributed=True device-parallel=True
Using user input from file: run_params_np4.yaml
Running driver.py

Using user input from file: run_params_np4.yaml
Running driver.py

Using user input from file: run_params_np4.yaml
Running driver.py

Using user input from file: run_params_np4.yaml
Running driver.py

2025-04-11 23:26:56,967 - INFO - grudge.array_context - get_reasonable_array_context_class: MPIFusionContractorArrayContext lazy=True distributed=True device-parallel=True
2025-04-11 23:26:56,967 - INFO - grudge.array_context - get_reasonable_array_context_class: MPIFusionContractorArrayContext lazy=True distributed=True device-parallel=True
2025-04-11 23:26:57,081 - WARNING - py.warnings - /p/gpfs1/mtcampbe/CEESD/AutomatedTesting/MIRGE-Timing/timing/y3-prediction-scaling-run/y3prediction/wall.py:37: UserWarning: <class 'y3prediction.wall.WallVars'> does not have __array_ufunc__ set. This will cause numpy to attempt broadcasting, in a way that is likely undesired. To avoid this, set __array_ufunc__ = None in <class 'y3prediction.wall.WallVars'>.
  @with_container_arithmetic(bcast_obj_array=False,

2025-04-11 23:26:57,081 - WARNING - py.warnings - /p/gpfs1/mtcampbe/CEESD/AutomatedTesting/MIRGE-Timing/timing/y3-prediction-scaling-run/y3prediction/wall.py:37: UserWarning: <class 'y3prediction.wall.WallVars'> does not have __array_ufunc__ set. This will cause numpy to attempt broadcasting, in a way that is likely undesired. To avoid this, set __array_ufunc__ = None in <class 'y3prediction.wall.WallVars'>.
  @with_container_arithmetic(bcast_obj_array=False,

2025-04-11 23:26:57,081 - WARNING - py.warnings - /p/gpfs1/mtcampbe/CEESD/AutomatedTesting/MIRGE-Timing/timing/y3-prediction-scaling-run/y3prediction/wall.py:37: UserWarning: <class 'y3prediction.wall.WallVars'> does not have __array_ufunc__ set. This will cause numpy to attempt broadcasting, in a way that is likely undesired. To avoid this, set __array_ufunc__ = None in <class 'y3prediction.wall.WallVars'>.
  @with_container_arithmetic(bcast_obj_array=False,

2025-04-11 23:26:57,081 - WARNING - py.warnings - /p/gpfs1/mtcampbe/CEESD/AutomatedTesting/MIRGE-Timing/timing/y3-prediction-scaling-run/y3prediction/wall.py:37: UserWarning: <class 'y3prediction.wall.WallVars'> does not have __array_ufunc__ set. This will cause numpy to attempt broadcasting, in a way that is likely undesired. To avoid this, set __array_ufunc__ = None in <class 'y3prediction.wall.WallVars'>.
  @with_container_arithmetic(bcast_obj_array=False,

2025-04-11 23:26:57,098 - WARNING - py.warnings - /p/gpfs1/mtcampbe/CEESD/AutomatedTesting/MIRGE-Timing/timing/y3-prediction-scaling-run/y3prediction/prediction.py:154: UserWarning: <class 'y3prediction.prediction.StepperState'> does not have __array_ufunc__ set. This will cause numpy to attempt broadcasting, in a way that is likely undesired. To avoid this, set __array_ufunc__ = None in <class 'y3prediction.prediction.StepperState'>.
  @with_container_arithmetic(bcast_obj_array=False,

2025-04-11 23:26:57,098 - WARNING - py.warnings - /p/gpfs1/mtcampbe/CEESD/AutomatedTesting/MIRGE-Timing/timing/y3-prediction-scaling-run/y3prediction/prediction.py:154: UserWarning: <class 'y3prediction.prediction.StepperState'> does not have __array_ufunc__ set. This will cause numpy to attempt broadcasting, in a way that is likely undesired. To avoid this, set __array_ufunc__ = None in <class 'y3prediction.prediction.StepperState'>.
  @with_container_arithmetic(bcast_obj_array=False,

2025-04-11 23:26:57,098 - WARNING - py.warnings - /p/gpfs1/mtcampbe/CEESD/AutomatedTesting/MIRGE-Timing/timing/y3-prediction-scaling-run/y3prediction/prediction.py:154: UserWarning: <class 'y3prediction.prediction.StepperState'> does not have __array_ufunc__ set. This will cause numpy to attempt broadcasting, in a way that is likely undesired. To avoid this, set __array_ufunc__ = None in <class 'y3prediction.prediction.StepperState'>.
  @with_container_arithmetic(bcast_obj_array=False,

2025-04-11 23:26:57,098 - WARNING - py.warnings - /p/gpfs1/mtcampbe/CEESD/AutomatedTesting/MIRGE-Timing/timing/y3-prediction-scaling-run/y3prediction/prediction.py:154: UserWarning: <class 'y3prediction.prediction.StepperState'> does not have __array_ufunc__ set. This will cause numpy to attempt broadcasting, in a way that is likely undesired. To avoid this, set __array_ufunc__ = None in <class 'y3prediction.prediction.StepperState'>.
  @with_container_arithmetic(bcast_obj_array=False,

2025-04-11 23:26:57,111 - WARNING - py.warnings - /p/gpfs1/mtcampbe/CEESD/AutomatedTesting/MIRGE-Timing/timing/y3-prediction-scaling-run/y3prediction/prediction.py:183: UserWarning: <class 'y3prediction.prediction.WallStepperState'> does not have __array_ufunc__ set. This will cause numpy to attempt broadcasting, in a way that is likely undesired. To avoid this, set __array_ufunc__ = None in <class 'y3prediction.prediction.WallStepperState'>.
  @with_container_arithmetic(bcast_obj_array=False,

2025-04-11 23:26:57,111 - WARNING - py.warnings - /p/gpfs1/mtcampbe/CEESD/AutomatedTesting/MIRGE-Timing/timing/y3-prediction-scaling-run/y3prediction/prediction.py:183: UserWarning: <class 'y3prediction.prediction.WallStepperState'> does not have __array_ufunc__ set. This will cause numpy to attempt broadcasting, in a way that is likely undesired. To avoid this, set __array_ufunc__ = None in <class 'y3prediction.prediction.WallStepperState'>.
  @with_container_arithmetic(bcast_obj_array=False,

2025-04-11 23:26:57,112 - WARNING - py.warnings - /p/gpfs1/mtcampbe/CEESD/AutomatedTesting/MIRGE-Timing/timing/y3-prediction-scaling-run/y3prediction/prediction.py:183: UserWarning: <class 'y3prediction.prediction.WallStepperState'> does not have __array_ufunc__ set. This will cause numpy to attempt broadcasting, in a way that is likely undesired. To avoid this, set __array_ufunc__ = None in <class 'y3prediction.prediction.WallStepperState'>.
  @with_container_arithmetic(bcast_obj_array=False,

2025-04-11 23:26:57,112 - WARNING - py.warnings - /p/gpfs1/mtcampbe/CEESD/AutomatedTesting/MIRGE-Timing/timing/y3-prediction-scaling-run/y3prediction/prediction.py:183: UserWarning: <class 'y3prediction.prediction.WallStepperState'> does not have __array_ufunc__ set. This will cause numpy to attempt broadcasting, in a way that is likely undesired. To avoid this, set __array_ufunc__ = None in <class 'y3prediction.prediction.WallStepperState'>.
  @with_container_arithmetic(bcast_obj_array=False,

2025-04-11 23:26:57,366 - INFO - mirgecom.mpi - Using mpi4py version 4.0.3 with pkl5 scatter support.
2025-04-11 23:26:57,366 - INFO - mirgecom.mpi - mpi4py is using 'Open MPI v10.3.1.03rtm0, package: IBM Spectrum MPI, ident: IBM Spectrum MPI, repo rev: IBM_SPECTRUM_MPI_10.03.01.02_2020.08.03_XAA0, Unreleased developer copy' with MPI v3.1.
2025-04-11 23:27:23,178 - INFO - mirgecom.logging_quantities - emirge's version.sh: completed (25.58s wall 0.00x CPU)
2025-04-11 23:27:23,179 - INFO - mirgecom.logging_quantities - emirge's version.sh: completed (25.58s wall 0.00x CPU)
2025-04-11 23:27:23,193 - INFO - mirgecom.logging_quantities - emirge's version.sh: completed (25.60s wall 0.00x CPU)
2025-04-11 23:27:23,197 - INFO - mirgecom.logging_quantities - emirge's version.sh: completed (25.61s wall 0.00x CPU)
2025-04-11 23:27:23,830 - INFO - mirgecom.simutil - Using SVM-based memory pool on <pyopencl.Device 'Tesla V100-SXM2-16GB' on 'Portable Computing Language' at 0x1038b40c0>.
2025-04-11 23:27:23,870 - INFO - mirgecom.simutil - Using SVM-based memory pool on <pyopencl.Device 'Tesla V100-SXM2-16GB' on 'Portable Computing Language' at 0x10383faa0>.
2025-04-11 23:27:23,879 - INFO - mirgecom.simutil - Using SVM-based memory pool on <pyopencl.Device 'Tesla V100-SXM2-16GB' on 'Portable Computing Language' at 0x10393b220>.
2025-04-11 23:27:23,897 - INFO - mirgecom.simutil - Using SVM-based memory pool on <pyopencl.Device 'Tesla V100-SXM2-16GB' on 'Portable Computing Language' at 0x1038ba610>.
2025-04-11 23:27:23,930 - INFO - mirgecom.array_context - Rank 0 disk cache config: loopy: True (/p/gpfs1/mtcampbe/CEESD/AutomatedTesting/MIRGE-Timing/timing/timing-run-caches/xdg-cache/rank0); pyopencl: True (/p/gpfs1/mtcampbe/CEESD/AutomatedTesting/MIRGE-Timing/timing/timing-run-caches/xdg-cache/rank0); pocl: True (/p/gpfs1/mtcampbe/CEESD/AutomatedTesting/MIRGE-Timing/timing/timing-run-caches/xdg-cache/rank0); cuda: True (/p/gpfs1/mtcampbe/CEESD/AutomatedTesting/MIRGE-Timing/timing/timing-run-caches/cuda-cache/rank0);

2025-04-11 23:27:23,930 - INFO - mirgecom.array_context - Rank 2 disk cache config: loopy: True (/p/gpfs1/mtcampbe/CEESD/AutomatedTesting/MIRGE-Timing/timing/timing-run-caches/xdg-cache/rank2); pyopencl: True (/p/gpfs1/mtcampbe/CEESD/AutomatedTesting/MIRGE-Timing/timing/timing-run-caches/xdg-cache/rank2); pocl: True (/p/gpfs1/mtcampbe/CEESD/AutomatedTesting/MIRGE-Timing/timing/timing-run-caches/xdg-cache/rank2); cuda: True (/p/gpfs1/mtcampbe/CEESD/AutomatedTesting/MIRGE-Timing/timing/timing-run-caches/cuda-cache/rank2);

2025-04-11 23:27:23,930 - INFO - mirgecom.array_context - Rank 1 disk cache config: loopy: True (/p/gpfs1/mtcampbe/CEESD/AutomatedTesting/MIRGE-Timing/timing/timing-run-caches/xdg-cache/rank1); pyopencl: True (/p/gpfs1/mtcampbe/CEESD/AutomatedTesting/MIRGE-Timing/timing/timing-run-caches/xdg-cache/rank1); pocl: True (/p/gpfs1/mtcampbe/CEESD/AutomatedTesting/MIRGE-Timing/timing/timing-run-caches/xdg-cache/rank1); cuda: True (/p/gpfs1/mtcampbe/CEESD/AutomatedTesting/MIRGE-Timing/timing/timing-run-caches/cuda-cache/rank1);

2025-04-11 23:27:23,930 - INFO - mirgecom.array_context - Rank 3 disk cache config: loopy: True (/p/gpfs1/mtcampbe/CEESD/AutomatedTesting/MIRGE-Timing/timing/timing-run-caches/xdg-cache/rank3); pyopencl: True (/p/gpfs1/mtcampbe/CEESD/AutomatedTesting/MIRGE-Timing/timing/timing-run-caches/xdg-cache/rank3); pocl: True (/p/gpfs1/mtcampbe/CEESD/AutomatedTesting/MIRGE-Timing/timing/timing-run-caches/xdg-cache/rank3); cuda: True (/p/gpfs1/mtcampbe/CEESD/AutomatedTesting/MIRGE-Timing/timing/timing-run-caches/cuda-cache/rank3);

Setting force_eval = False for pre-compiled time integration
Shock capturing parameters: alpha 0.01, s0 -6.408239965311849, kappa 0.5
Smoothing characteristic length for use in artificial viscosity
smoothing_alpha 1e-12
Artificial viscosity smoothness_alpha=1e-12
Artificial viscosity smoothness_tau=1e-12
Artificial viscosity using modified transport properties
	 mu, beta, kappa
Shock capturing parameters:
	av_mu 0.1
	av_beta 6.0
	av_kappa 1.0
	av_prantdl 0.9
stagnation temperature 2076.43

#### Simluation control data: ####
	nrestart = 1000
	nhealth = -1
	nstatus = -1
	Constant dt mode, current_dt = 1e-13
	t_final = 2e-11
	order = 4
	dimension = 3
	Time integration compiled_lsrk54
   Boundary Conditions:
	Checking for outflow boundary in mesh.
	Checking for inflow boundary in mesh.
	Checking for flow boundary in mesh.
	Checking for injection boundary in mesh.
	Checking for upstream_injection boundary in mesh.
	Checking for isothermal_wall boundary in mesh.
	Checking for wall boundary in mesh.
	Checking for slip_wall boundary in mesh.
	Checking for noslip_wall boundary in mesh.
	Checking for symmetry boundary in mesh.
	Checking for wall_interface boundary in mesh.

	Interface wall boundary conditions are noslip for velocity
#### Simluation control data: ####


#### Visualization setup: ####
	Basic visualization output enabled.
	(cv, dv, cfl)
	Extra visualization output enabled for derived quantities.
	(velocity, mass_fractions, etc.)
	Writing viz data every 1000 steps.
#### Visualization setup: ####

#### Simluation initialization data: ####
	Initializing flow to y3prediction
	Inflow stagnation pressure 274500.0
	Inflow stagnation temperature 2076.43
	Injection stagnation pressure 50400.0
	Injection stagnation temperature 300.0
	Upstream injection stagnation pressure50400.0
	Upstream injection stagnation temperature300.0
#### Simluation initialization data: ####

#### Simluation setup data: ####
	vel_sigma = 500
	temp_sigma = 1250
	vel_sigma_injection = 5000
	temp_sigma_injection = 5000
#### Simluation setup data: ####

#### Ignition control parameters ####
spark center (0.677,-0.021)
spark FWHM 0.02
spark strength 600.0
ignition time 5e-08
ignition duration 1e-08
heat source ignition
#### Ignition control parameters ####


#### Injection source control parameters ####
injection source center (0.677,-0.021,0.0)
injection source FWHM 0.0025
injection source mass 2.0
injection source energy 1000.0
injection source mom (3.0 3.0 0.0
injection source start time 999999999.0
#### Injection source control parameters ####


Setting inviscid numerical flux to: Rusanov
Setting viscous numerical flux to: Harmonic


#### Simluation material properties: ####
#### Fluid domain: ####
	mu = 4.216360056e-05
	kappa = 0.05621788139856423
	Prandtl Number  = 0.75
	nspecies = 7
	full multi-species initialization with pyrometheus eos
	combustion source terms enabled
	Pyrometheus EOS
	Pyro mechanism uiuc_sharp

Species mass fractions limited to [0:1]
#### Wall domain: ####
	Reactive wall model for porous media
	Wall oxidizer transport enabled
	 Wall mass loss enabled
	Wall density = 1625
	Wall cp = 770
	Wall O2 diff = 0.0001
	Wall surround density = 7900.0
	Wall surround cp = 470
	Wall surround kappa = 48
	Wall time scale = 100
	Wall penalty = 0
#### Simluation material properties: ####
species_names=['C2H4', 'O2', 'CO2', 'CO', 'H2O', 'H2', 'N2']
species_names=['C2H4', 'O2', 'CO2', 'CO', 'H2O', 'H2', 'N2']
{'C2H4': 0.0001, 'O2': 0.0001, 'CO2': 0.0001, 'CO': 0.0001, 'H2O': 0.0001, 'H2': 0.0001, 'N2': 0.0001}
species_names=['C2H4', 'O2', 'CO2', 'CO', 'H2O', 'H2', 'N2']
{'C2H4': 0.0001, 'O2': 0.0001, 'CO2': 0.0001, 'CO': 0.0001, 'H2O': 0.0001, 'H2': 0.0001, 'N2': 0.0001}
species_names=['C2H4', 'O2', 'CO2', 'CO', 'H2O', 'H2', 'N2']
{'C2H4': 0.0001, 'O2': 0.0001, 'CO2': 0.0001, 'CO': 0.0001, 'H2O': 0.0001, 'H2': 0.0001, 'N2': 0.0001}
{'C2H4': 0.0001, 'O2': 0.0001, 'CO2': 0.0001, 'CO': 0.0001, 'H2O': 0.0001, 'H2': 0.0001, 'N2': 0.0001}
	 Power law transport model:
		 temperature dependent viscosity, species diffusivity
	transport_alpha = 0.6
	transport_beta = 4.093e-07
	transport_sigma = 2.0
	transport_n = 0.666
	species diffusivity = [0.0001 0.0001 0.0001 0.0001 0.0001 0.0001 0.0001]
#### Simluation initialization data: ####
	inlet Mach number 0.039188827430281535
	inlet gamma 1.2942272392672118
	inlet temperature 2075.9609743385954
	inlet pressure 274227.36437127565
	inlet rho 0.4607349972974453
	inlet velocity 34.39515974209585
	********
	outlet Mach number 3.793040446574542
	outlet gamma 1.3777480529683475
	outlet temperature 558.5757736845096
	outlet pressure 2284.257055974718
	outlet rho 0.014263380803459059
	outlet velocity 1796.0265011633348
	********
	injector Mach number 1.0
	injector gamma 1.3246735835852341
	injector temperature 258.1007615257789
	injector pressure 27281.922529269654
	injector rho 0.1911428114322463
	injector velocity -434.8234312418551
Reading mesh from data/actii_np4.msh
Read(rank, batch): Dist(0, 0) on lassen204.
Reading mesh on lassen204.
Reading gmsh mesh from disk file...
Done. Populating meshmode data structures...
Done.
Read GMSH: 1.9556894302368164
MeshData: 3.2483978271484375
Mesh reading done on all nodes.
Making partition table on all nodes.
2025-04-11 23:27:29,327 - WARNING - py.warnings - /p/gpfs1/mtcampbe/CEESD/AutomatedTesting/MIRGE-Timing/timing/emirge/mirgecom/mirgecom/simutil.py:601: UserWarning: num_ranks is deprecated, use nranks_per_axis instead.
  warn("num_ranks is deprecated, use nranks_per_axis instead.")

Partitioning mesh on all nodes.
Partitioning done, distributing to node-local ranks.
Rank(0) mesh partition
---------------------------
Number of fluid elements: 24063
Number of elements: 24063
---------------------------
Rank(1) mesh partition
---------------------------
Number of fluid elements: 19871
Number of wall elements: 4242
Number of elements: 24113
---------------------------
Rank(2) mesh partition
---------------------------
Number of fluid elements: 13369
Number of wall elements: 10761
Number of elements: 24130
---------------------------
Rank(3) mesh partition
---------------------------
Number of fluid elements: 23369
Number of wall elements: 750
Number of elements: 24119
---------------------------
Making 3D order 4 discretization.
No target file specied, using restart as target
No target file specied, using restart as target
No target file specied, using restart as target
No target file specied, using restart as target
2025-04-11 23:27:29,923 - INFO - meshmode.discretization.connection.face - building face restriction: start
2025-04-11 23:27:29,923 - INFO - meshmode.discretization.connection.face - building face restriction: start
2025-04-11 23:27:29,924 - INFO - meshmode.discretization.connection.face - building face restriction: start
2025-04-11 23:27:29,924 - INFO - meshmode.discretization.connection.face - building face restriction: start
2025-04-11 23:27:29,941 - INFO - meshmode.discretization.connection.face - building face restriction: done
2025-04-11 23:27:29,941 - INFO - meshmode.discretization.connection.face - building face restriction: done
2025-04-11 23:27:29,941 - INFO - meshmode.discretization.connection.face - building face restriction: start
2025-04-11 23:27:29,945 - INFO - meshmode.discretization.connection.face - building face restriction: done
2025-04-11 23:27:29,945 - INFO - meshmode.discretization.connection.face - building face restriction: start
2025-04-11 23:27:29,945 - INFO - meshmode.discretization.connection.face - building face restriction: done
2025-04-11 23:27:29,945 - INFO - meshmode.discretization.connection.face - building face restriction: start
2025-04-11 23:27:29,956 - INFO - meshmode.discretization.connection.face - building face restriction: done
2025-04-11 23:27:29,956 - INFO - meshmode.discretization.connection.face - building face restriction: start
2025-04-11 23:27:29,958 - INFO - meshmode.discretization.connection.face - building face restriction: done
2025-04-11 23:27:29,958 - INFO - meshmode.discretization.connection.face - building face restriction: start
2025-04-11 23:27:29,961 - INFO - meshmode.discretization.connection.face - building face restriction: done
2025-04-11 23:27:29,961 - INFO - meshmode.discretization.connection.face - building face restriction: start
2025-04-11 23:27:29,973 - INFO - meshmode.discretization.connection.face - building face restriction: done
2025-04-11 23:27:29,973 - INFO - meshmode.discretization.connection.face - building face restriction: start
2025-04-11 23:27:29,973 - INFO - meshmode.discretization.connection.face - building face restriction: done
2025-04-11 23:27:29,973 - INFO - meshmode.discretization.connection.face - building face restriction: start
2025-04-11 23:27:29,986 - INFO - meshmode.discretization.connection.face - building face restriction: done
2025-04-11 23:27:29,986 - INFO - meshmode.discretization.connection.face - building face restriction: start
2025-04-11 23:27:29,987 - INFO - meshmode.discretization.connection.face - building face restriction: done
2025-04-11 23:27:30,000 - WARNING - py.warnings - /p/gpfs1/mtcampbe/CEESD/AutomatedTesting/MIRGE-Timing/timing/emirge/arraycontext/arraycontext/impl/pytato/__init__.py:415: UserWarning: Running on an Nvidia GPU, reducing the argument size limit from 4352 to 3896.
  warn("Running on an Nvidia GPU, reducing the argument "

2025-04-11 23:27:30,000 - INFO - arraycontext.impl.pytato - limiting argument buffer size for <pyopencl.Device 'Tesla V100-SXM2-16GB' on 'Portable Computing Language' at 0x1038ba610> to 3896 bytes
2025-04-11 23:27:30,016 - INFO - meshmode.discretization.connection.face - building face restriction: done
2025-04-11 23:27:30,016 - INFO - meshmode.discretization.connection.face - building face restriction: start
2025-04-11 23:27:30,017 - INFO - meshmode.discretization.connection.face - building face restriction: done
2025-04-11 23:27:30,029 - WARNING - py.warnings - /p/gpfs1/mtcampbe/CEESD/AutomatedTesting/MIRGE-Timing/timing/emirge/arraycontext/arraycontext/impl/pytato/__init__.py:415: UserWarning: Running on an Nvidia GPU, reducing the argument size limit from 4352 to 3896.
  warn("Running on an Nvidia GPU, reducing the argument "

2025-04-11 23:27:30,029 - INFO - arraycontext.impl.pytato - limiting argument buffer size for <pyopencl.Device 'Tesla V100-SXM2-16GB' on 'Portable Computing Language' at 0x10383faa0> to 3896 bytes
2025-04-11 23:27:30,056 - INFO - meshmode.array_context - FusionContractorArrayContext.transform_loopy_program 'frozen_nodes0_3d': cache hit
2025-04-11 23:27:30,057 - INFO - meshmode.discretization.connection.face - building face restriction: done
2025-04-11 23:27:30,069 - WARNING - py.warnings - /p/gpfs1/mtcampbe/CEESD/AutomatedTesting/MIRGE-Timing/timing/emirge/arraycontext/arraycontext/impl/pytato/__init__.py:415: UserWarning: Running on an Nvidia GPU, reducing the argument size limit from 4352 to 3896.
  warn("Running on an Nvidia GPU, reducing the argument "

2025-04-11 23:27:30,069 - INFO - arraycontext.impl.pytato - limiting argument buffer size for <pyopencl.Device 'Tesla V100-SXM2-16GB' on 'Portable Computing Language' at 0x10393b220> to 3896 bytes
2025-04-11 23:27:30,186 - INFO - meshmode.array_context - FusionContractorArrayContext.transform_loopy_program 'frozen_nodes0_3d': cache hit
2025-04-11 23:27:30,190 - INFO - meshmode.array_context - FusionContractorArrayContext.transform_loopy_program 'frozen_nodes0_3d': cache hit
2025-04-11 23:27:30,375 - INFO - meshmode.array_context - FusionContractorArrayContext.transform_loopy_program 'frozen_nodes1_3d': cache hit
2025-04-11 23:27:30,694 - INFO - meshmode.array_context - FusionContractorArrayContext.transform_loopy_program 'frozen_nodes2_3d': cache hit
2025-04-11 23:27:30,699 - INFO - meshmode.array_context - FusionContractorArrayContext.transform_loopy_program 'frozen_nodes1_3d': cache hit
2025-04-11 23:27:30,746 - INFO - meshmode.array_context - FusionContractorArrayContext.transform_loopy_program 'frozen_nodes1_3d': cache hit
2025-04-11 23:27:30,791 - INFO - arraycontext.impl.pytato - limiting argument buffer size for <pyopencl.Device 'Tesla V100-SXM2-16GB' on 'Portable Computing Language' at 0x1038ba610> to 3896 bytes
2025-04-11 23:27:30,802 - INFO - meshmode.array_context - FusionContractorArrayContext.transform_loopy_program 'frozen_nodes2_3d': cache hit
2025-04-11 23:27:30,805 - INFO - meshmode.array_context - FusionContractorArrayContext.transform_loopy_program 'frozen_nodes0_3d': cache hit
2025-04-11 23:27:30,880 - INFO - meshmode.array_context - FusionContractorArrayContext.transform_loopy_program 'frozen_nodes2_3d': cache hit
2025-04-11 23:27:30,893 - INFO - arraycontext.impl.pytato - limiting argument buffer size for <pyopencl.Device 'Tesla V100-SXM2-16GB' on 'Portable Computing Language' at 0x10383faa0> to 3896 bytes
2025-04-11 23:27:30,907 - INFO - meshmode.array_context - FusionContractorArrayContext.transform_loopy_program 'frozen_nodes0_3d': cache hit
2025-04-11 23:27:30,919 - INFO - meshmode.array_context - FusionContractorArrayContext.transform_loopy_program 'frozen_nodes1_3d': cache hit
2025-04-11 23:27:30,986 - INFO - arraycontext.impl.pytato - limiting argument buffer size for <pyopencl.Device 'Tesla V100-SXM2-16GB' on 'Portable Computing Language' at 0x10393b220> to 3896 bytes
2025-04-11 23:27:30,996 - INFO - meshmode.array_context - FusionContractorArrayContext.transform_loopy_program 'frozen_nodes1_3d': cache hit
2025-04-11 23:27:31,001 - INFO - meshmode.array_context - FusionContractorArrayContext.transform_loopy_program 'frozen_nodes0_3d': cache hit
2025-04-11 23:27:31,028 - INFO - meshmode.array_context - FusionContractorArrayContext.transform_loopy_program 'frozen_nodes2_3d': cache hit
2025-04-11 23:27:31,080 - INFO - meshmode.array_context - FusionContractorArrayContext.transform_loopy_program 'frozen_nodes2_3d': cache hit
2025-04-11 23:27:31,144 - INFO - meshmode.discretization.connection.face - building face restriction: start
2025-04-11 23:27:31,160 - INFO - meshmode.discretization.connection.face - building face restriction: done
2025-04-11 23:27:31,165 - INFO - meshmode.discretization.connection.face - building face restriction: start
2025-04-11 23:27:31,173 - INFO - meshmode.array_context - FusionContractorArrayContext.transform_loopy_program 'frozen_nodes1_3d': cache hit
2025-04-11 23:27:31,176 - INFO - meshmode.discretization.connection.face - building face restriction: done
2025-04-11 23:27:31,197 - INFO - meshmode.discretization.connection.face - building face restriction: start
2025-04-11 23:27:31,209 - INFO - meshmode.discretization.connection.face - building face restriction: done
2025-04-11 23:27:31,209 - INFO - meshmode.discretization.connection.face - building face restriction: start
2025-04-11 23:27:31,223 - INFO - meshmode.discretization.connection.face - building face restriction: done
2025-04-11 23:27:31,260 - INFO - meshmode.array_context - FusionContractorArrayContext.transform_loopy_program 'frozen_nodes2_3d': cache hit
2025-04-11 23:27:31,372 - INFO - meshmode.discretization.connection.face - building face restriction: start
2025-04-11 23:27:31,384 - INFO - meshmode.discretization.connection.face - building face restriction: done
2025-04-11 23:27:31,411 - INFO - meshmode.discretization.connection.face - building face restriction: start
2025-04-11 23:27:31,423 - INFO - meshmode.discretization.connection.face - building face restriction: done
2025-04-11 23:27:31,423 - INFO - meshmode.discretization.connection.face - building face restriction: start
2025-04-11 23:27:31,437 - INFO - meshmode.discretization.connection.face - building face restriction: done
2025-04-11 23:27:31,437 - INFO - meshmode.discretization.connection.face - building face restriction: start
2025-04-11 23:27:31,452 - INFO - meshmode.discretization.connection.face - building face restriction: done
2025-04-11 23:27:31,453 - INFO - meshmode.distributed - bdry comm rank 2 comm begin
2025-04-11 23:27:31,453 - INFO - meshmode.distributed - bdry comm rank 0 comm begin
2025-04-11 23:27:31,453 - INFO - meshmode.distributed - bdry comm rank 3 comm begin
2025-04-11 23:27:31,453 - INFO - meshmode.distributed - bdry comm rank 1 comm begin
2025-04-11 23:27:31,465 - WARNING - py.warnings - /p/gpfs1/mtcampbe/CEESD/AutomatedTesting/MIRGE-Timing/timing/emirge/arraycontext/arraycontext/impl/pytato/__init__.py:415: UserWarning: Running on an Nvidia GPU, reducing the argument size limit from 4352 to 3896.
  warn("Running on an Nvidia GPU, reducing the argument "

2025-04-11 23:27:31,465 - INFO - arraycontext.impl.pytato - limiting argument buffer size for <pyopencl.Device 'Tesla V100-SXM2-16GB' on 'Portable Computing Language' at 0x1038b40c0> to 3896 bytes
2025-04-11 23:27:31,470 - INFO - arraycontext.impl.pytato - limiting argument buffer size for <pyopencl.Device 'Tesla V100-SXM2-16GB' on 'Portable Computing Language' at 0x10383faa0> to 3896 bytes
2025-04-11 23:27:31,471 - INFO - arraycontext.impl.pytato - limiting argument buffer size for <pyopencl.Device 'Tesla V100-SXM2-16GB' on 'Portable Computing Language' at 0x1038ba610> to 3896 bytes
2025-04-11 23:27:31,472 - INFO - arraycontext.impl.pytato - limiting argument buffer size for <pyopencl.Device 'Tesla V100-SXM2-16GB' on 'Portable Computing Language' at 0x10393b220> to 3896 bytes
2025-04-11 23:27:31,484 - INFO - meshmode.array_context - FusionContractorArrayContext.transform_loopy_program 'frozen_nodes0_3d': cache hit
2025-04-11 23:27:31,486 - INFO - meshmode.array_context - FusionContractorArrayContext.transform_loopy_program 'frozen_nodes0_3d': cache hit
2025-04-11 23:27:31,487 - INFO - meshmode.array_context - FusionContractorArrayContext.transform_loopy_program 'frozen_nodes0_3d': cache hit
2025-04-11 23:27:31,569 - INFO - meshmode.array_context - FusionContractorArrayContext.transform_loopy_program 'frozen_nodes0_3d': cache hit
2025-04-11 23:27:31,640 - INFO - meshmode.array_context - FusionContractorArrayContext.transform_loopy_program 'frozen_nodes1_3d': cache hit
2025-04-11 23:27:31,659 - INFO - meshmode.array_context - FusionContractorArrayContext.transform_loopy_program 'frozen_nodes1_3d': cache hit
2025-04-11 23:27:31,688 - INFO - meshmode.array_context - FusionContractorArrayContext.transform_loopy_program 'frozen_nodes1_3d': cache hit
2025-04-11 23:27:31,763 - INFO - meshmode.array_context - FusionContractorArrayContext.transform_loopy_program 'frozen_nodes2_3d': cache hit
2025-04-11 23:27:31,808 - INFO - meshmode.array_context - FusionContractorArrayContext.transform_loopy_program 'frozen_nodes2_3d': cache hit
2025-04-11 23:27:31,816 - INFO - meshmode.array_context - FusionContractorArrayContext.transform_loopy_program 'frozen_nodes1_3d': cache hit
2025-04-11 23:27:31,877 - INFO - meshmode.array_context - FusionContractorArrayContext.transform_loopy_program 'frozen_nodes2_3d': cache hit
2025-04-11 23:27:31,911 - INFO - arraycontext.impl.pytato - limiting argument buffer size for <pyopencl.Device 'Tesla V100-SXM2-16GB' on 'Portable Computing Language' at 0x10383faa0> to 3896 bytes
2025-04-11 23:27:31,924 - INFO - meshmode.array_context - FusionContractorArrayContext.transform_loopy_program 'frozen_nodes0_3d': cache hit
2025-04-11 23:27:31,942 - INFO - arraycontext.impl.pytato - limiting argument buffer size for <pyopencl.Device 'Tesla V100-SXM2-16GB' on 'Portable Computing Language' at 0x10393b220> to 3896 bytes
2025-04-11 23:27:31,956 - INFO - meshmode.array_context - FusionContractorArrayContext.transform_loopy_program 'frozen_nodes0_3d': cache hit
2025-04-11 23:27:32,012 - INFO - meshmode.array_context - FusionContractorArrayContext.transform_loopy_program 'frozen_nodes1_3d': cache hit
2025-04-11 23:27:32,034 - INFO - meshmode.array_context - FusionContractorArrayContext.transform_loopy_program 'frozen_nodes2_3d': cache hit
2025-04-11 23:27:32,079 - INFO - meshmode.array_context - FusionContractorArrayContext.transform_loopy_program 'frozen_nodes1_3d': cache hit
2025-04-11 23:27:32,093 - INFO - arraycontext.impl.pytato - limiting argument buffer size for <pyopencl.Device 'Tesla V100-SXM2-16GB' on 'Portable Computing Language' at 0x1038ba610> to 3896 bytes
2025-04-11 23:27:32,107 - INFO - meshmode.array_context - FusionContractorArrayContext.transform_loopy_program 'frozen_nodes0_3d': cache hit
2025-04-11 23:27:32,109 - INFO - meshmode.array_context - FusionContractorArrayContext.transform_loopy_program 'frozen_nodes2_3d': cache hit
2025-04-11 23:27:32,163 - INFO - arraycontext.impl.pytato - limiting argument buffer size for <pyopencl.Device 'Tesla V100-SXM2-16GB' on 'Portable Computing Language' at 0x1038b40c0> to 3896 bytes
2025-04-11 23:27:32,168 - INFO - meshmode.array_context - FusionContractorArrayContext.transform_loopy_program 'frozen_nodes2_3d': cache hit
2025-04-11 23:27:32,177 - INFO - meshmode.array_context - FusionContractorArrayContext.transform_loopy_program 'frozen_nodes0_3d': cache hit
2025-04-11 23:27:32,190 - INFO - arraycontext.impl.pytato - limiting argument buffer size for <pyopencl.Device 'Tesla V100-SXM2-16GB' on 'Portable Computing Language' at 0x10383faa0> to 3896 bytes
2025-04-11 23:27:32,204 - INFO - meshmode.array_context - FusionContractorArrayContext.transform_loopy_program 'frozen_nodes0_3d': cache hit
2025-04-11 23:27:32,230 - INFO - meshmode.array_context - FusionContractorArrayContext.transform_loopy_program 'frozen_nodes1_3d': cache hit
2025-04-11 23:27:32,269 - INFO - meshmode.array_context - FusionContractorArrayContext.transform_loopy_program 'frozen_nodes1_3d': cache hit
2025-04-11 23:27:32,299 - INFO - arraycontext.impl.pytato - limiting argument buffer size for <pyopencl.Device 'Tesla V100-SXM2-16GB' on 'Portable Computing Language' at 0x10393b220> to 3896 bytes
2025-04-11 23:27:32,313 - INFO - meshmode.array_context - FusionContractorArrayContext.transform_loopy_program 'frozen_nodes0_3d': cache hit
2025-04-11 23:27:32,345 - INFO - meshmode.array_context - FusionContractorArrayContext.transform_loopy_program 'frozen_nodes1_3d': cache hit
2025-04-11 23:27:32,346 - INFO - meshmode.array_context - FusionContractorArrayContext.transform_loopy_program 'frozen_nodes2_3d': cache hit
2025-04-11 23:27:32,372 - INFO - meshmode.array_context - FusionContractorArrayContext.transform_loopy_program 'frozen_nodes2_3d': cache hit
2025-04-11 23:27:32,431 - INFO - meshmode.array_context - FusionContractorArrayContext.transform_loopy_program 'frozen_nodes1_3d': cache hit
2025-04-11 23:27:32,444 - INFO - meshmode.distributed - bdry comm rank 0 comm end
Done making discretization
2025-04-11 23:27:32,447 - INFO - arraycontext.impl.pytato - limiting argument buffer size for <pyopencl.Device 'Tesla V100-SXM2-16GB' on 'Portable Computing Language' at 0x1038ba610> to 3896 bytes
2025-04-11 23:27:32,461 - INFO - meshmode.array_context - FusionContractorArrayContext.transform_loopy_program 'frozen_nodes0_3d': cache hit
2025-04-11 23:27:32,464 - INFO - arraycontext.impl.pytato - limiting argument buffer size for <pyopencl.Device 'Tesla V100-SXM2-16GB' on 'Portable Computing Language' at 0x1038b40c0> to 3896 bytes
2025-04-11 23:27:32,477 - INFO - meshmode.array_context - FusionContractorArrayContext.transform_loopy_program 'frozen_nodes0_3d': cache hit
2025-04-11 23:27:32,479 - INFO - meshmode.array_context - FusionContractorArrayContext.transform_loopy_program 'frozen_nodes2_3d': cache hit
2025-04-11 23:27:32,592 - INFO - meshmode.array_context - FusionContractorArrayContext.transform_loopy_program 'frozen_nodes1_3d': cache hit
2025-04-11 23:27:32,616 - INFO - arraycontext.impl.pytato - limiting argument buffer size for <pyopencl.Device 'Tesla V100-SXM2-16GB' on 'Portable Computing Language' at 0x10383faa0> to 3896 bytes
2025-04-11 23:27:32,620 - INFO - meshmode.array_context - FusionContractorArrayContext.transform_loopy_program 'frozen_nodes2_3d': cache hit
2025-04-11 23:27:32,631 - INFO - meshmode.array_context - FusionContractorArrayContext.transform_loopy_program 'frozen_nodes0_3d': cache hit
2025-04-11 23:27:32,659 - INFO - meshmode.array_context - FusionContractorArrayContext.transform_loopy_program 'frozen_nodes1_3d': cache hit
2025-04-11 23:27:32,722 - INFO - meshmode.array_context - FusionContractorArrayContext.transform_loopy_program 'frozen_nodes1_3d': cache hit
2025-04-11 23:27:32,734 - INFO - arraycontext.impl.pytato - limiting argument buffer size for <pyopencl.Device 'Tesla V100-SXM2-16GB' on 'Portable Computing Language' at 0x10393b220> to 3896 bytes
2025-04-11 23:27:32,738 - INFO - meshmode.array_context - FusionContractorArrayContext.transform_loopy_program 'frozen_nodes2_3d': cache hit
2025-04-11 23:27:32,748 - INFO - meshmode.array_context - FusionContractorArrayContext.transform_loopy_program 'frozen_nodes0_3d': cache hit
2025-04-11 23:27:32,812 - INFO - meshmode.array_context - FusionContractorArrayContext.transform_loopy_program 'frozen_nodes2_3d': cache hit
2025-04-11 23:27:32,826 - INFO - arraycontext.impl.pytato - limiting argument buffer size for <pyopencl.Device 'Tesla V100-SXM2-16GB' on 'Portable Computing Language' at 0x1038ba610> to 3896 bytes
2025-04-11 23:27:32,829 - INFO - meshmode.array_context - FusionContractorArrayContext.transform_loopy_program 'frozen_nodes2_3d': cache hit
2025-04-11 23:27:32,840 - INFO - meshmode.array_context - FusionContractorArrayContext.transform_loopy_program 'frozen_nodes0_3d': cache hit
2025-04-11 23:27:32,884 - INFO - meshmode.array_context - FusionContractorArrayContext.transform_loopy_program 'frozen_nodes1_3d': cache hit
2025-04-11 23:27:32,926 - INFO - meshmode.array_context - FusionContractorArrayContext.transform_loopy_program 'frozen_nodes1_3d': cache hit
2025-04-11 23:27:32,951 - INFO - meshmode.discretization.connection.face - building face restriction: start
2025-04-11 23:27:32,953 - INFO - arraycontext.impl.pytato - limiting argument buffer size for <pyopencl.Device 'Tesla V100-SXM2-16GB' on 'Portable Computing Language' at 0x10383faa0> to 3896 bytes
2025-04-11 23:27:32,967 - INFO - meshmode.array_context - FusionContractorArrayContext.transform_loopy_program 'frozen_nodes0_3d': cache hit
2025-04-11 23:27:32,968 - INFO - meshmode.discretization.connection.face - building face restriction: done
2025-04-11 23:27:32,973 - INFO - arraycontext.impl.pytato - limiting argument buffer size for <pyopencl.Device 'Tesla V100-SXM2-16GB' on 'Portable Computing Language' at 0x1038b40c0> to 3896 bytes
2025-04-11 23:27:32,986 - INFO - meshmode.array_context - FusionContractorArrayContext.transform_loopy_program 'frozen_nodes0_3d': cache hit
2025-04-11 23:27:33,025 - INFO - meshmode.array_context - FusionContractorArrayContext.transform_loopy_program 'frozen_nodes2_3d': cache hit
2025-04-11 23:27:33,041 - INFO - meshmode.array_context - FusionContractorArrayContext.transform_loopy_program 'frozen_nodes2_3d': cache hit
2025-04-11 23:27:33,101 - INFO - meshmode.array_context - FusionContractorArrayContext.transform_loopy_program 'frozen_nodes1_3d': cache hit
2025-04-11 23:27:33,110 - INFO - meshmode.array_context - FusionContractorArrayContext.transform_loopy_program 'frozen_nodes1_3d': cache hit
2025-04-11 23:27:33,123 - INFO - arraycontext.impl.pytato - limiting argument buffer size for <pyopencl.Device 'Tesla V100-SXM2-16GB' on 'Portable Computing Language' at 0x1038ba610> to 3896 bytes
2025-04-11 23:27:33,137 - INFO - meshmode.array_context - FusionContractorArrayContext.transform_loopy_program 'frozen_nodes0_3d': cache hit
2025-04-11 23:27:33,186 - INFO - arraycontext.impl.pytato - limiting argument buffer size for <pyopencl.Device 'Tesla V100-SXM2-16GB' on 'Portable Computing Language' at 0x10393b220> to 3896 bytes
2025-04-11 23:27:33,201 - INFO - meshmode.array_context - FusionContractorArrayContext.transform_loopy_program 'frozen_nodes0_3d': cache hit
2025-04-11 23:27:33,222 - INFO - meshmode.array_context - FusionContractorArrayContext.transform_loopy_program 'frozen_nodes2_3d': cache hit
2025-04-11 23:27:33,247 - INFO - meshmode.array_context - FusionContractorArrayContext.transform_loopy_program 'frozen_nodes2_3d': cache hit
2025-04-11 23:27:33,286 - INFO - meshmode.array_context - FusionContractorArrayContext.transform_loopy_program 'frozen_nodes1_3d': cache hit
2025-04-11 23:27:33,310 - INFO - meshmode.array_context - FusionContractorArrayContext.transform_loopy_program 'frozen_nodes1_3d': cache hit
Found boundary named flow in fluid domain
2025-04-11 23:27:33,324 - INFO - meshmode.discretization.connection.face - building face restriction: start
2025-04-11 23:27:33,338 - INFO - arraycontext.impl.pytato - limiting argument buffer size for <pyopencl.Device 'Tesla V100-SXM2-16GB' on 'Portable Computing Language' at 0x10383faa0> to 3896 bytes
2025-04-11 23:27:33,352 - INFO - meshmode.array_context - FusionContractorArrayContext.transform_loopy_program 'frozen_nodes0_3d': cache hit
2025-04-11 23:27:33,438 - INFO - meshmode.array_context - FusionContractorArrayContext.transform_loopy_program 'frozen_nodes1_3d': cache hit
2025-04-11 23:27:33,491 - INFO - meshmode.array_context - FusionContractorArrayContext.transform_loopy_program 'frozen_nodes2_3d': cache hit
2025-04-11 23:27:33,497 - INFO - meshmode.array_context - FusionContractorArrayContext.transform_loopy_program 'frozen_nodes2_3d': cache hit
2025-04-11 23:27:33,523 - INFO - meshmode.array_context - FusionContractorArrayContext.transform_loopy_program 'frozen_nodes2_3d': cache hit
2025-04-11 23:27:33,598 - INFO - meshmode.discretization.connection.face - building face restriction: done
2025-04-11 23:27:33,600 - INFO - arraycontext.impl.pytato - limiting argument buffer size for <pyopencl.Device 'Tesla V100-SXM2-16GB' on 'Portable Computing Language' at 0x10393b220> to 3896 bytes
2025-04-11 23:27:33,606 - INFO - arraycontext.impl.pytato - limiting argument buffer size for <pyopencl.Device 'Tesla V100-SXM2-16GB' on 'Portable Computing Language' at 0x1038b40c0> to 3896 bytes
2025-04-11 23:27:33,613 - INFO - meshmode.array_context - FusionContractorArrayContext.transform_loopy_program 'frozen_nodes0_3d': cache hit
2025-04-11 23:27:33,618 - INFO - meshmode.array_context - FusionContractorArrayContext.transform_loopy_program 'frozen_nodes0_3d': cache hit
2025-04-11 23:27:33,637 - INFO - arraycontext.impl.pytato - limiting argument buffer size for <pyopencl.Device 'Tesla V100-SXM2-16GB' on 'Portable Computing Language' at 0x1038ba610> to 3896 bytes
2025-04-11 23:27:33,650 - INFO - meshmode.array_context - FusionContractorArrayContext.transform_loopy_program 'frozen_nodes0_3d': cache hit
2025-04-11 23:27:33,698 - INFO - meshmode.array_context - FusionContractorArrayContext.transform_loopy_program 'frozen_nodes1_3d': cache hit
2025-04-11 23:27:33,726 - INFO - pyopencl - build program: kernel 'frozen_nodes2_3d' was part of a lengthy uncached source build (assuming cached by ICD) (0.20 s)
2025-04-11 23:27:33,737 - INFO - arraycontext.impl.pytato - limiting argument buffer size for <pyopencl.Device 'Tesla V100-SXM2-16GB' on 'Portable Computing Language' at 0x10383faa0> to 3896 bytes
2025-04-11 23:27:33,750 - INFO - meshmode.array_context - FusionContractorArrayContext.transform_loopy_program 'frozen_nodes0_3d': cache hit
2025-04-11 23:27:33,783 - INFO - meshmode.array_context - FusionContractorArrayContext.transform_loopy_program 'frozen_nodes1_3d': cache hit
2025-04-11 23:27:33,805 - INFO - meshmode.array_context - FusionContractorArrayContext.transform_loopy_program 'frozen_nodes2_3d': cache hit
2025-04-11 23:27:33,827 - INFO - meshmode.array_context - FusionContractorArrayContext.transform_loopy_program 'frozen_nodes1_3d': cache hit
2025-04-11 23:27:33,850 - INFO - meshmode.array_context - FusionContractorArrayContext.transform_loopy_program 'frozen_nodes1_3d': cache hit
2025-04-11 23:27:33,908 - INFO - arraycontext.impl.pytato - limiting argument buffer size for <pyopencl.Device 'Tesla V100-SXM2-16GB' on 'Portable Computing Language' at 0x10393b220> to 3896 bytes
2025-04-11 23:27:33,922 - INFO - meshmode.array_context - FusionContractorArrayContext.transform_loopy_program 'frozen_nodes0_3d': cache hit
2025-04-11 23:27:33,956 - INFO - meshmode.array_context - FusionContractorArrayContext.transform_loopy_program 'frozen_nodes2_3d': cache hit
2025-04-11 23:27:33,966 - INFO - meshmode.array_context - FusionContractorArrayContext.transform_loopy_program 'frozen_nodes2_3d': cache hit
2025-04-11 23:27:33,981 - INFO - meshmode.array_context - FusionContractorArrayContext.transform_loopy_program 'frozen_nodes2_3d': cache hit
2025-04-11 23:27:34,029 - INFO - meshmode.array_context - FusionContractorArrayContext.transform_loopy_program 'frozen_nodes1_3d': cache hit
2025-04-11 23:27:34,040 - INFO - meshmode.distributed - bdry comm rank 3 comm end
2025-04-11 23:27:34,060 - INFO - arraycontext.impl.pytato - limiting argument buffer size for <pyopencl.Device 'Tesla V100-SXM2-16GB' on 'Portable Computing Language' at 0x1038ba610> to 3896 bytes
Found boundary named isothermal_wall in fluid domain
Could not find boundary named wall in fluid domain, boundary type will be unused
### Boundary Condition Summary ###
The following boundary conditions are enabled:
	flow = prescribed
	isothermal_wall = isothermal_noslip
The following boundary conditions are unused:
	outflow
	inflow
	injection
	upstream_injection
	wall
	slip_wall
	noslip_wall
	symmetry
	wall_interface
### Boundary Condition Summary ###
2025-04-11 23:27:34,073 - INFO - meshmode.array_context - FusionContractorArrayContext.transform_loopy_program 'frozen_nodes0_3d': cache hit
2025-04-11 23:27:34,084 - INFO - arraycontext.impl.pytato - limiting argument buffer size for <pyopencl.Device 'Tesla V100-SXM2-16GB' on 'Portable Computing Language' at 0x1038b40c0> to 3896 bytes
2025-04-11 23:27:34,087 - INFO - arraycontext.impl.pytato - limiting argument buffer size for <pyopencl.Device 'Tesla V100-SXM2-16GB' on 'Portable Computing Language' at 0x10383faa0> to 3896 bytes
2025-04-11 23:27:34,093 - INFO - meshmode.array_context - FusionContractorArrayContext.transform_loopy_program 'frozen_nodes0_3d': cache hit
2025-04-11 23:27:34,101 - INFO - meshmode.array_context - FusionContractorArrayContext.transform_loopy_program 'frozen_nodes0_3d': cache hit
2025-04-11 23:27:34,158 - INFO - meshmode.array_context - FusionContractorArrayContext.transform_loopy_program 'frozen_nodes2_3d': cache hit
2025-04-11 23:27:34,180 - INFO - meshmode.array_context - FusionContractorArrayContext.transform_loopy_program 'frozen_nodes1_3d': cache hit
2025-04-11 23:27:34,185 - INFO - meshmode.array_context - FusionContractorArrayContext.transform_loopy_program 'frozen_nodes1_3d': cache hit
2025-04-11 23:27:34,271 - INFO - arraycontext.impl.pytato - limiting argument buffer size for <pyopencl.Device 'Tesla V100-SXM2-16GB' on 'Portable Computing Language' at 0x10393b220> to 3896 bytes
2025-04-11 23:27:34,272 - INFO - meshmode.array_context - FusionContractorArrayContext.transform_loopy_program 'frozen_nodes1_3d': cache hit
2025-04-11 23:27:34,272 - INFO - meshmode.array_context - FusionContractorArrayContext.transform_loopy_program 'frozen_nodes2_3d': cache hit
2025-04-11 23:27:34,285 - INFO - meshmode.array_context - FusionContractorArrayContext.transform_loopy_program 'frozen_nodes0_3d': cache hit
2025-04-11 23:27:34,322 - INFO - meshmode.array_context - FusionContractorArrayContext.transform_loopy_program 'frozen_nodes2_3d': cache hit
2025-04-11 23:27:34,353 - INFO - arraycontext.impl.pytato - limiting argument buffer size for <pyopencl.Device 'Tesla V100-SXM2-16GB' on 'Portable Computing Language' at 0x10383faa0> to 3896 bytes
2025-04-11 23:27:34,367 - INFO - meshmode.array_context - FusionContractorArrayContext.transform_loopy_program 'frozen_nodes0_3d': cache hit
2025-04-11 23:27:34,372 - INFO - meshmode.array_context - FusionContractorArrayContext.transform_loopy_program 'frozen_nodes1_3d': cache hit
2025-04-11 23:27:34,381 - INFO - meshmode.array_context - FusionContractorArrayContext.transform_loopy_program 'frozen_nodes2_3d': cache hit
2025-04-11 23:27:34,444 - INFO - arraycontext.impl.pytato - limiting argument buffer size for <pyopencl.Device 'Tesla V100-SXM2-16GB' on 'Portable Computing Language' at 0x1038b40c0> to 3896 bytes
2025-04-11 23:27:34,449 - INFO - meshmode.array_context - FusionContractorArrayContext.transform_loopy_program 'frozen_result': cache hit
2025-04-11 23:27:34,470 - INFO - meshmode.array_context - FusionContractorArrayContext.transform_loopy_program 'frozen_nodes2_3d': cache hit
2025-04-11 23:27:34,521 - INFO - meshmode.discretization.connection.face - building face restriction: start
2025-04-11 23:27:34,533 - INFO - meshmode.array_context - FusionContractorArrayContext.transform_loopy_program 'frozen_nodes1_3d': cache hit
2025-04-11 23:27:34,539 - INFO - meshmode.discretization.connection.face - building face restriction: done
2025-04-11 23:27:34,544 - INFO - arraycontext.impl.pytato - limiting argument buffer size for <pyopencl.Device 'Tesla V100-SXM2-16GB' on 'Portable Computing Language' at 0x1038ba610> to 3896 bytes
2025-04-11 23:27:34,549 - INFO - arraycontext.impl.pytato - limiting argument buffer size for <pyopencl.Device 'Tesla V100-SXM2-16GB' on 'Portable Computing Language' at 0x10393b220> to 3896 bytes
2025-04-11 23:27:34,558 - INFO - meshmode.array_context - FusionContractorArrayContext.transform_loopy_program 'frozen_nodes0_3d': cache hit
2025-04-11 23:27:34,564 - INFO - meshmode.array_context - FusionContractorArrayContext.transform_loopy_program 'frozen_nodes0_3d': cache hit
Traceback (most recent call last):
  File "/p/gpfs1/mtcampbe/CEESD/AutomatedTesting/MIRGE-Timing/timing/emirge/miniforge3/envs/timing.main/lib/python3.12/site-packages/pytools/__init__.py", line 911, in new_inner
    return self.cache_dict[args]
           ~~~~~~~~~~~~~~~^^^^^^
KeyError: ()

During handling of the above exception, another exception occurred:

Traceback (most recent call last):
  File "/p/gpfs1/mtcampbe/CEESD/AutomatedTesting/MIRGE-Timing/timing/emirge/miniforge3/envs/timing.main/lib/python3.12/site-packages/pytools/__init__.py", line 911, in new_inner
    return self.cache_dict[args]
           ~~~~~~~~~~~~~~~^^^^^^
KeyError: ()

During handling of the above exception, another exception occurred:

Traceback (most recent call last):
  File "<frozen runpy>", line 198, in _run_module_as_main
  File "<frozen runpy>", line 88, in _run_code
  File "/p/gpfs1/mtcampbe/CEESD/AutomatedTesting/MIRGE-Timing/timing/emirge/miniforge3/envs/timing.main/lib/python3.12/site-packages/mpi4py/__main__.py", line 7, in <module>
    main()
  File "/p/gpfs1/mtcampbe/CEESD/AutomatedTesting/MIRGE-Timing/timing/emirge/miniforge3/envs/timing.main/lib/python3.12/site-packages/mpi4py/run.py", line 214, in main
    run_command_line(args)
  File "/p/gpfs1/mtcampbe/CEESD/AutomatedTesting/MIRGE-Timing/timing/emirge/miniforge3/envs/timing.main/lib/python3.12/site-packages/mpi4py/run.py", line 46, in run_command_line
    run_path(sys.argv[0], run_name='__main__')
  File "<frozen runpy>", line 287, in run_path
  File "<frozen runpy>", line 98, in _run_module_code
  File "<frozen runpy>", line 88, in _run_code
  File "driver.py", line 83, in <module>
    main(actx_class, restart_filename=restart_filename,
  File "/p/gpfs1/mtcampbe/CEESD/AutomatedTesting/MIRGE-Timing/timing/emirge/mirgecom/mirgecom/mpi.py", line 152, in wrapped_func
    func(*args, **kwargs)
  File "/p/gpfs1/mtcampbe/CEESD/AutomatedTesting/MIRGE-Timing/timing/y3-prediction-scaling-run/y3prediction/prediction.py", line 4086, in main
    characteristic_lengthscales(actx, dcoll, dd=dd_vol_fluid))
    ^^^^^^^^^^^^^^^^^^^^^^^^^^^^^^^^^^^^^^^^^^^^^^^^^^^^^^^^^
  File "/p/gpfs1/mtcampbe/CEESD/AutomatedTesting/MIRGE-Timing/timing/emirge/grudge/grudge/dt_utils.py", line 120, in characteristic_lengthscales
    return actx.thaw(_compute_characteristic_lengthscales())
                     ^^^^^^^^^^^^^^^^^^^^^^^^^^^^^^^^^^^^^^
  File "/p/gpfs1/mtcampbe/CEESD/AutomatedTesting/MIRGE-Timing/timing/emirge/miniforge3/envs/timing.main/lib/python3.12/site-packages/pytools/__init__.py", line 913, in new_inner
    result = inner(*args, **kwargs)
             ^^^^^^^^^^^^^^^^^^^^^^
  File "/p/gpfs1/mtcampbe/CEESD/AutomatedTesting/MIRGE-Timing/timing/emirge/grudge/grudge/dt_utils.py", line 117, in _compute_characteristic_lengthscales
    actx.thaw(dt_geometric_factors(dcoll, dd)),
              ^^^^^^^^^^^^^^^^^^^^^^^^^^^^^^^
  File "/p/gpfs1/mtcampbe/CEESD/AutomatedTesting/MIRGE-Timing/timing/emirge/grudge/grudge/dt_utils.py", line 302, in dt_geometric_factors
    cast(DOFArray, op.elementwise_integral(
                   ^^^^^^^^^^^^^^^^^^^^^^^^
  File "/p/gpfs1/mtcampbe/CEESD/AutomatedTesting/MIRGE-Timing/timing/emirge/grudge/grudge/reductions.py", line 527, in elementwise_integral
    area_elements = area_element(
                    ^^^^^^^^^^^^^
  File "/p/gpfs1/mtcampbe/CEESD/AutomatedTesting/MIRGE-Timing/timing/emirge/grudge/grudge/geometry/metrics.py", line 674, in area_element
    return actx.thaw(_area_elements())
                     ^^^^^^^^^^^^^^^^
  File "/p/gpfs1/mtcampbe/CEESD/AutomatedTesting/MIRGE-Timing/timing/emirge/miniforge3/envs/timing.main/lib/python3.12/site-packages/pytools/__init__.py", line 913, in new_inner
    result = inner(*args, **kwargs)
             ^^^^^^^^^^^^^^^^^^^^^^
  File "/p/gpfs1/mtcampbe/CEESD/AutomatedTesting/MIRGE-Timing/timing/emirge/grudge/grudge/geometry/metrics.py", line 666, in _area_elements
    res = pseudoscalar(
          ^^^^^^^^^^^^^
  File "/p/gpfs1/mtcampbe/CEESD/AutomatedTesting/MIRGE-Timing/timing/emirge/grudge/grudge/geometry/metrics.py", line 639, in pseudoscalar
    return parametrization_derivative(
           ^^^^^^^^^^^^^^^^^^^^^^^^^^^
  File "/p/gpfs1/mtcampbe/CEESD/AutomatedTesting/MIRGE-Timing/timing/emirge/grudge/grudge/geometry/metrics.py", line 614, in parametrization_derivative
    return product(
           ^^^^^^^^
  File "/p/gpfs1/mtcampbe/CEESD/AutomatedTesting/MIRGE-Timing/timing/emirge/miniforge3/envs/timing.main/lib/python3.12/site-packages/pytools/__init__.py", line 1105, in product
    return reduce(mul, iterable, 1)
           ^^^^^^^^^^^^^^^^^^^^^^^^
  File "/p/gpfs1/mtcampbe/CEESD/AutomatedTesting/MIRGE-Timing/timing/emirge/grudge/grudge/geometry/metrics.py", line 615, in <genexpr>
    forward_metric_derivative_mv(
  File "/p/gpfs1/mtcampbe/CEESD/AutomatedTesting/MIRGE-Timing/timing/emirge/grudge/grudge/geometry/metrics.py", line 233, in forward_metric_derivative_mv
    forward_metric_derivative_vector(
  File "/p/gpfs1/mtcampbe/CEESD/AutomatedTesting/MIRGE-Timing/timing/emirge/grudge/grudge/geometry/metrics.py", line 206, in forward_metric_derivative_vector
    forward_metric_nth_derivative(
  File "/p/gpfs1/mtcampbe/CEESD/AutomatedTesting/MIRGE-Timing/timing/emirge/grudge/grudge/geometry/metrics.py", line 183, in forward_metric_nth_derivative
    return _geometry_to_quad_if_requested(
           ^^^^^^^^^^^^^^^^^^^^^^^^^^^^^^^
  File "/p/gpfs1/mtcampbe/CEESD/AutomatedTesting/MIRGE-Timing/timing/emirge/grudge/grudge/geometry/metrics.py", line 112, in _geometry_to_quad_if_requested
    dcoll._base_to_geoderiv_connection(inner_dd)(vec),
    ^^^^^^^^^^^^^^^^^^^^^^^^^^^^^^^^^^^^^^^^^^^^^^^^^
  File "/p/gpfs1/mtcampbe/CEESD/AutomatedTesting/MIRGE-Timing/timing/emirge/meshmode/meshmode/discretization/connection/direct.py", line 718, in __call__
    zip(self.groups, self._global_point_pick_info(actx), strict=True)):
                     ^^^^^^^^^^^^^^^^^^^^^^^^^^^^^^^^^^
  File "/p/gpfs1/mtcampbe/CEESD/AutomatedTesting/MIRGE-Timing/timing/emirge/meshmode/meshmode/discretization/connection/direct.py", line 567, in _global_point_pick_info
    self._per_target_group_pick_info(actx, i_tgrp)
  File "/p/gpfs1/mtcampbe/CEESD/AutomatedTesting/MIRGE-Timing/timing/emirge/meshmode/meshmode/discretization/connection/direct.py", line 520, in _per_target_group_pick_info
    if (from_el_indices[to_el_ind] != -1).any():
        ~~~~~~~~~~~~~~~^^^^^^^^^^^
IndexError: index 536886801 is out of bounds for axis 0 with size 24063
2025-04-11 23:27:34,690 - INFO - meshmode.array_context - FusionContractorArrayContext.transform_loopy_program 'frozen_nodes2_3d': cache hit
2025-04-11 23:27:34,715 - INFO - meshmode.array_context - FusionContractorArrayContext.transform_loopy_program 'frozen_nodes1_3d': cache hit
2025-04-11 23:27:34,752 - INFO - meshmode.array_context - FusionContractorArrayContext.transform_loopy_program 'frozen_nodes1_3d': cache hit
--------------------------------------------------------------------------
MPI_ABORT was invoked on rank 0 in communicator MPI_COMM_WORLD
with errorcode 1.

NOTE: invoking MPI_ABORT causes Open MPI to kill all MPI processes.
You may or may not see output from other processes, depending on
exactly when Open MPI kills them.
--------------------------------------------------------------------------
++ return_code=1
++ set +x
mv: cannot stat ‘viz_data’: No such file or directory
mv: cannot stat ‘restart_data’: No such file or directory
**  scalability_test/prediction-scalability_np4 failed.
Fri Apr 11 23:27:34 PDT 2025
Scaling/timing tests done.
Passing tests: 
Failing tests:  scalability_test/prediction-scalability_np1 scalability_test/prediction-scalability_np2 scalability_test/prediction-scalability_np4

------------------------------------------------------------
Sender: LSF System <lsfadmin@lassen710>
Subject: Job 7123958: <scale4> in cluster <lassen> Exited

Job <scale4> was submitted from host <lassen709> by user <mtcampbe> in cluster <lassen> at Fri Apr 11 23:22:32 2025
Job was executed on host(s) <1*lassen710>, in queue <pbatch>, as user <mtcampbe> in cluster <lassen> at Fri Apr 11 23:25:23 2025
                            <40*lassen204>
</g/g17/mtcampbe> was used as the home directory.
</p/gpfs1/mtcampbe/CEESD/AutomatedTesting/MIRGE-Timing/timing/y3-prediction-scaling-run/scalability_test> was used as the working directory.
Started at Fri Apr 11 23:25:23 2025
Terminated at Fri Apr 11 23:28:03 2025
Results reported at Fri Apr 11 23:28:03 2025

Your job looked like:

------------------------------------------------------------
# LSBATCH: User input
#!/bin/bash
#BSUB -nnodes 1
#BSUB -G uiuc
#BSUB -W 180
#BSUB -J scale4
#BSUB -q pbatch
#BSUB -o scal4.txt

source ../emirge/config/activate_env.sh
source ../emirge/mirgecom/scripts/mirge-testing-env.sh
source ../scripts/multi_scalability.sh -p ../ -n 4



------------------------------------------------------------

Exited with exit code 3.

Resource usage summary:

    CPU time :                                   0.31 sec.
    Max Memory :                                 59 MB
    Average Memory :                             57.24 MB
    Total Requested Memory :                     -
    Delta Memory :                               -
    Max Swap :                                   1634 MB
    Max Processes :                              4
    Max Threads :                                27
    Run time :                                   160 sec.
    Turnaround time :                            331 sec.

The output (if any) is above this job summary.

